Component: Arm Compiler for Embedded 6.24 Tool: armlink [5f371500]

==============================================================================

Section Cross References

    startup_lpc17xx.o(STACK) refers (Special) to heapauxi.o(.text) for __use_two_region_memory
    startup_lpc17xx.o(HEAP) refers (Special) to heapauxi.o(.text) for __use_two_region_memory
    startup_lpc17xx.o(RESET) refers (Special) to heapauxi.o(.text) for __use_two_region_memory
    startup_lpc17xx.o(RESET) refers to startup_lpc17xx.o(STACK) for __initial_sp
    startup_lpc17xx.o(RESET) refers to startup_lpc17xx.o(.text) for Reset_Handler
    startup_lpc17xx.o(RESET) refers to irq_timer.o(.text) for TIMER0_IRQHandler
    startup_lpc17xx.o(RESET) refers to irq_button.o(.text) for EINT0_IRQHandler
    startup_lpc17xx.o(RESET) refers to irq_rit.o(.text) for RIT_IRQHandler
    startup_lpc17xx.o(.ARM.__at_0x02FC) refers (Special) to heapauxi.o(.text) for __use_two_region_memory
    startup_lpc17xx.o(.text) refers (Special) to heapauxi.o(.text) for __use_two_region_memory
    startup_lpc17xx.o(.text) refers to __main.o(!!!main) for __main
    startup_lpc17xx.o(.text) refers to startup_lpc17xx.o(HEAP) for Heap_Mem
    startup_lpc17xx.o(.text) refers to startup_lpc17xx.o(STACK) for Stack_Mem
    sample.o(.text) refers to system_lpc17xx.o(.text) for SystemInit
    sample.o(.text) refers to glcd.o(.text) for LCD_Initialization
    sample.o(.text) refers to lib_joystick.o(.text) for joystick_init
    sample.o(.text) refers to lib_button.o(.text) for BUTTON_init
    sample.o(.text) refers to lib_rit.o(.text) for init_RIT
    sample.o(.text) refers to lib_timer.o(.text) for init_timer
    sample.o(.text) refers to game.o(.text) for inizializza_gioco
    sample.o(.ARM.exidx) refers to sample.o(.text) for [Anonymous Symbol]
    functions.o(.text) refers to funct_led.o(.text) for LED_Out
    functions.o(.ARM.exidx) refers to functions.o(.text) for [Anonymous Symbol]
    game.o(.text) refers (Special) to _printf_percent.o(.ARM.Collect$$_printf_percent$$00000000) for _printf_percent
    game.o(.text) refers (Special) to _printf_d.o(.ARM.Collect$$_printf_percent$$00000009) for _printf_d
    game.o(.text) refers (Special) to _printf_dec.o(.text) for _printf_int_dec
    game.o(.text) refers to glcd.o(.text) for LCD_SetPoint
    game.o(.text) refers to game.o(.bss.punteggio) for punteggio
    game.o(.text) refers to game.o(.rodata.str1.1) for .L.str.1
    game.o(.text) refers to noretval__2sprintf.o(.text) for __2sprintf
    game.o(.text) refers to game.o(.bss.linee_completate_totali) for linee_completate_totali
    game.o(.text) refers to game.o(.bss.record_punteggio) for record_punteggio
    game.o(.text) refers to game.o(.data.stato_gioco) for stato_gioco
    game.o(.text) refers to game.o(.bss.griglia) for griglia
    game.o(.text) refers to game.o(.bss.tetraminoSuccessivo) for tetraminoSuccessivo
    game.o(.text) refers to game.o(.bss.tetraminoCorrente) for tetraminoCorrente
    game.o(.text) refers to game.o(.rodata.COLORI_TETRAMINI) for COLORI_TETRAMINI
    game.o(.text) refers to game.o(.rodata.FORME_TETRAMINI) for FORME_TETRAMINI
    game.o(.text) refers to rand.o(.emb_text) for rand
    game.o(.text) refers to rand.o(.text) for srand
    game.o(.text) refers to game.o(.bss.richiesta_riavvio) for richiesta_riavvio
    game.o(.text) refers to rt_memclr_w.o(.text) for __aeabi_memclr4
    game.o(.text) refers to lib_timer.o(.text) for init_timer
    game.o(.text) refers to game.o(.bss.mod_caduta_rapida) for mod_caduta_rapida
    game.o(.text) refers to irq_rit.o(.bss.J_up) for J_up
    game.o(.text) refers to irq_rit.o(.bss.J_left) for J_left
    game.o(.text) refers to irq_rit.o(.bss.J_right) for J_right
    game.o(.text) refers to game.o(.bss.ticks) for ticks
    game.o(.text) refers to irq_rit.o(.bss.J_down) for J_down
    game.o(.ARM.exidx) refers (Special) to _printf_percent.o(.ARM.Collect$$_printf_percent$$00000000) for _printf_percent
    game.o(.ARM.exidx) refers (Special) to _printf_d.o(.ARM.Collect$$_printf_percent$$00000009) for _printf_d
    game.o(.ARM.exidx) refers (Special) to _printf_dec.o(.text) for _printf_int_dec
    game.o(.ARM.exidx) refers to game.o(.text) for [Anonymous Symbol]
    game.o(.data.stato_gioco) refers (Special) to _printf_percent.o(.ARM.Collect$$_printf_percent$$00000000) for _printf_percent
    game.o(.data.stato_gioco) refers (Special) to _printf_d.o(.ARM.Collect$$_printf_percent$$00000009) for _printf_d
    game.o(.data.stato_gioco) refers (Special) to _printf_dec.o(.text) for _printf_int_dec
    game.o(.bss.punteggio) refers (Special) to _printf_percent.o(.ARM.Collect$$_printf_percent$$00000000) for _printf_percent
    game.o(.bss.punteggio) refers (Special) to _printf_d.o(.ARM.Collect$$_printf_percent$$00000009) for _printf_d
    game.o(.bss.punteggio) refers (Special) to _printf_dec.o(.text) for _printf_int_dec
[...]
    lib_button.o(.ARM.exidx) refers to lib_button.o(.text) for [Anonymous Symbol]
    irq_rit.o(.text) refers to irq_rit.o(.bss.down_0) for down_0
    irq_rit.o(.text) refers to irq_rit.o(.bss.toRelease_down_0) for toRelease_down_0
    irq_rit.o(.text) refers to irq_rit.o(.bss.down_1) for down_1
    irq_rit.o(.text) refers to game.o(.text) for alla_pressione_tasto1
    irq_rit.o(.text) refers to irq_rit.o(.bss.toRelease_down_1) for toRelease_down_1
    irq_rit.o(.text) refers to irq_rit.o(.bss.down_2) for down_2
    irq_rit.o(.text) refers to game.o(.bss.mod_caduta_rapida) for mod_caduta_rapida
    irq_rit.o(.text) refers to irq_rit.o(.bss.toRelease_down_2) for toRelease_down_2
    irq_rit.o(.text) refers to irq_rit.o(.bss.J_click) for J_click
    irq_rit.o(.text) refers to irq_rit.o(.bss.J_down) for J_down
    irq_rit.o(.text) refers to irq_rit.o(.bss.J_left) for J_left
    irq_rit.o(.text) refers to irq_rit.o(.bss.J_right) for J_right
    irq_rit.o(.text) refers to irq_rit.o(.bss.J_up) for J_up
    irq_rit.o(.ARM.exidx) refers to irq_rit.o(.text) for [Anonymous Symbol]
    lib_rit.o(.ARM.exidx) refers to lib_rit.o(.text) for [Anonymous Symbol]
    lib_joystick.o(.ARM.exidx) refers to lib_joystick.o(.text) for [Anonymous Symbol]
    asm_functs.o(asm_functions) refers to fdiv.o(x$fpl$fdiv) for __aeabi_fdiv
    irq_timer.o(.text) refers to irq_timer.o(.bss.TIMER0_IRQHandler.tick) for TIMER0_IRQHandler.tick
    irq_timer.o(.text) refers to irq_timer.o(.bss.current_note) for current_note
    irq_timer.o(.text) refers to game.o(.data.tetris_theme) for tetris_theme
    irq_timer.o(.text) refers to music.o(.text) for playNote
    irq_timer.o(.text) refers to game.o(.text) for aggiorna_gioco
    irq_timer.o(.ARM.exidx) refers to irq_timer.o(.text) for [Anonymous Symbol]
    lib_timer.o(.text) refers to fflt_clz.o(x$fpl$ffltu) for __aeabi_ui2f
    lib_timer.o(.text) refers to fdiv.o(x$fpl$fdiv) for __aeabi_fdiv
    lib_timer.o(.ARM.exidx) refers to lib_timer.o(.text) for [Anonymous Symbol]
    asciilib.o(.text) refers to asciilib.o(.rodata.AsciiLib) for AsciiLib
    asciilib.o(.ARM.exidx) refers to asciilib.o(.text) for [Anonymous Symbol]
    glcd.o(.text) refers to glcd.o(.bss.LCD_Code) for LCD_Code
    glcd.o(.text) refers to asciilib.o(.text) for GetASCIICode
    glcd.o(.ARM.exidx) refers to glcd.o(.text) for [Anonymous Symbol]
    hzlib.o(.text) refers to hzlib.o(.rodata.HzLib) for HzLib
    hzlib.o(.text) refers to rt_memcpy_v6.o(.text) for __aeabi_memcpy
    hzlib.o(.ARM.exidx) refers to hzlib.o(.text) for [Anonymous Symbol]
    touchpanel.o(.text) refers to glcd.o(.text) for LCD_SetPoint
    touchpanel.o(.text) refers to rt_memclr_w.o(.text) for __aeabi_memclr4
    touchpanel.o(.text) refers to touchpanel.o(.bss.Read_Ads7846.screen) for Read_Ads7846.screen
    touchpanel.o(.text) refers to dflt_clz.o(x$fpl$dflt) for __aeabi_i2d
    touchpanel.o(.text) refers to dcmp.o(x$fpl$fcmp) for __aeabi_dcmpeq
    touchpanel.o(.text) refers to dflt_clz.o(x$fpl$dfltu) for __aeabi_ui2d
    touchpanel.o(.text) refers to dmul.o(x$fpl$dmul) for __aeabi_dmul
    touchpanel.o(.text) refers to daddsub_clz.o(x$fpl$dadd) for __aeabi_dadd
    touchpanel.o(.text) refers to ddiv.o(x$fpl$ddiv) for __aeabi_ddiv
    touchpanel.o(.text) refers to dfix.o(x$fpl$dfix) for __aeabi_d2iz
    touchpanel.o(.text) refers to touchpanel.o(.data.DisplaySample) for DisplaySample
    touchpanel.o(.text) refers to touchpanel.o(.bss.ScreenSample) for ScreenSample
    touchpanel.o(.text) refers to touchpanel.o(.bss.matrix) for matrix
    touchpanel.o(.ARM.exidx) refers to touchpanel.o(.text) for [Anonymous Symbol]
    music.o(.text) refers to lib_timer.o(.text) for reset_timer
    music.o(.ARM.exidx) refers to music.o(.text) for [Anonymous Symbol]
    __2sprintf.o(.text) refers to _printf_char_common.o(.text) for _printf_char_common
    __2sprintf.o(.text) refers to _sputc.o(.text) for _sputc
    noretval__2sprintf.o(.text) refers to _printf_char_common.o(.text) for _printf_char_common
    noretval__2sprintf.o(.text) refers to _sputc.o(.text) for _sputc
    __printf.o(.text) refers to _printf_percent.o(.ARM.Collect$$_printf_percent$$00000000) for _printf_percent
    _printf_dec.o(.text) refers to _printf_intcommon.o(.text) for _printf_int_common
    __printf_flags.o(.text) refers to _printf_percent.o(.ARM.Collect$$_printf_percent$$00000000) for _printf_percent
    __printf_flags.o(.text) refers to __printf_flags.o(.constdata) for .constdata
    __printf_ss.o(.text) refers to _printf_percent.o(.ARM.Collect$$_printf_percent$$00000000) for _printf_percent
    __printf_flags_ss.o(.text) refers to _printf_percent.o(.ARM.Collect$$_printf_percent$$00000000) for _printf_percent
    __printf_flags_ss.o(.text) refers to __printf_flags_ss.o(.constdata) for .constdata
    __printf_wp.o(.text) refers to __printf_wp.o(i._is_digit) for _is_digit
    __printf_wp.o(.text) refers to _printf_percent.o(.ARM.Collect$$_printf_percent$$00000000) for _printf_percent
    __printf_flags_wp.o(.text) refers to __printf_wp.o(i._is_digit) for _is_digit
    __printf_flags_wp.o(.text) refers to _printf_percent.o(.ARM.Collect$$_printf_percent$$00000000) for _printf_percent
    __printf_flags_wp.o(.text) refers to __printf_flags_wp.o(.constdata) for .constdata
    __printf_ss_wp.o(.text) refers to __printf_wp.o(i._is_digit) for _is_digit
    __printf_ss_wp.o(.text) refers to _printf_percent.o(.ARM.Collect$$_printf_percent$$00000000) for _printf_percent
    __printf_flags_ss_wp.o(.text) refers to __printf_wp.o(i._is_digit) for _is_digit
    __printf_flags_ss_wp.o(.text) refers to _printf_percent.o(.ARM.Collect$$_printf_percent$$00000000) for _printf_percent
    __printf_flags_ss_wp.o(.text) refers to __printf_flags_ss_wp.o(.constdata) for .constdata
    _printf_d.o(.ARM.Collect$$_printf_percent$$00000009) refers (Weak) to _printf_dec.o(.text) for _printf_int_dec
    _printf_percent.o(.ARM.Collect$$_printf_percent$$00000000) refers (Special) to _printf_percent_end.o(.ARM.Collect$$_printf_percent$$00000017) for _printf_percent_end
    rand.o(.emb_text) refers (Special) to libinit2.o(.ARM.Collect$$libinit$$0000000F) for __rt_lib_init_rand_2
    rand.o(.emb_text) refers to rand.o(.text) for _rand_init
    rand.o(.emb_text) refers to rand.o(.bss) for _random_number_data
    rand.o(.text) refers (Special) to libinit2.o(.ARM.Collect$$libinit$$0000000F) for __rt_lib_init_rand_2
    rand.o(.text) refers to rand.o(.bss) for .bss
    rand.o(.bss) refers (Special) to libinit2.o(.ARM.Collect$$libinit$$0000000F) for __rt_lib_init_rand_2
    rt_memcpy_v6.o(.text) refers to rt_memcpy_w.o(.text) for __aeabi_memcpy4
    __main.o(!!!main) refers to __rtentry.o(.ARM.Collect$$rtentry$$00000000) for __rt_entry
    daddsub_clz.o(x$fpl$dadd) refers (Special) to usenofp.o(x$fpl$usenofp) for __I$use$fp
    daddsub_clz.o(x$fpl$dadd) refers to daddsub_clz.o(x$fpl$dsub) for _dsub1
    daddsub_clz.o(x$fpl$dadd) refers to dretinf.o(x$fpl$dretinf) for __fpl_dretinf
    daddsub_clz.o(x$fpl$dadd) refers to dnaninf.o(x$fpl$dnaninf) for __fpl_dnaninf
    daddsub_clz.o(x$fpl$drsb) refers (Special) to usenofp.o(x$fpl$usenofp) for __I$use$fp
    daddsub_clz.o(x$fpl$drsb) refers to daddsub_clz.o(x$fpl$dadd) for _dadd1
    daddsub_clz.o(x$fpl$drsb) refers to daddsub_clz.o(x$fpl$dsub) for _dsub1
    daddsub_clz.o(x$fpl$dsub) refers (Special) to usenofp.o(x$fpl$usenofp) for __I$use$fp
    daddsub_clz.o(x$fpl$dsub) refers to daddsub_clz.o(x$fpl$dadd) for _dadd1
    daddsub_clz.o(x$fpl$dsub) refers to dnaninf.o(x$fpl$dnaninf) for __fpl_dnaninf
    dcmp.o(x$fpl$fcmp) refers (Special) to usenofp.o(x$fpl$usenofp) for __I$use$fp
    dcmp.o(x$fpl$fcmp) refers to deqf.o(x$fpl$deqf) for _dcmpeq
    dcmp.o(x$fpl$fcmp) refers to dgeqf.o(x$fpl$dgeqf) for _dcmpge
    dcmp.o(x$fpl$fcmp) refers to dleqf.o(x$fpl$dleqf) for _dcmple
    ddiv.o(x$fpl$drdiv) refers (Special) to usenofp.o(x$fpl$usenofp) for __I$use$fp
    ddiv.o(x$fpl$drdiv) refers to ddiv.o(x$fpl$ddiv) for ddiv_entry
    ddiv.o(x$fpl$ddiv) refers (Special) to usenofp.o(x$fpl$usenofp) for __I$use$fp
    ddiv.o(x$fpl$ddiv) refers to dretinf.o(x$fpl$dretinf) for __fpl_dretinf
    ddiv.o(x$fpl$ddiv) refers to dnaninf.o(x$fpl$dnaninf) for __fpl_dnaninf
    dfix.o(x$fpl$dfix) refers (Special) to usenofp.o(x$fpl$usenofp) for __I$use$fp
    dfix.o(x$fpl$dfix) refers to dnaninf.o(x$fpl$dnaninf) for __fpl_dnaninf
    dfix.o(x$fpl$dfixr) refers (Special) to usenofp.o(x$fpl$usenofp) for __I$use$fp
    dfix.o(x$fpl$dfixr) refers to dnaninf.o(x$fpl$dnaninf) for __fpl_dnaninf
    dflt_clz.o(x$fpl$dfltu) refers (Special) to usenofp.o(x$fpl$usenofp) for __I$use$fp
    dflt_clz.o(x$fpl$dflt) refers (Special) to usenofp.o(x$fpl$usenofp) for __I$use$fp
    dflt_clz.o(x$fpl$dfltn) refers (Special) to usenofp.o(x$fpl$usenofp) for __I$use$fp
    dmul.o(x$fpl$dmul) refers (Special) to usenofp.o(x$fpl$usenofp) for __I$use$fp
    dmul.o(x$fpl$dmul) refers to dretinf.o(x$fpl$dretinf) for __fpl_dretinf
    dmul.o(x$fpl$dmul) refers to dnaninf.o(x$fpl$dnaninf) for __fpl_dnaninf
    fdiv.o(x$fpl$frdiv) refers (Special) to usenofp.o(x$fpl$usenofp) for __I$use$fp
    fdiv.o(x$fpl$frdiv) refers to fdiv.o(x$fpl$fdiv) for _fdiv1
    fdiv.o(x$fpl$fdiv) refers (Special) to usenofp.o(x$fpl$usenofp) for __I$use$fp
    fdiv.o(x$fpl$fdiv) refers to fretinf.o(x$fpl$fretinf) for __fpl_fretinf
    fdiv.o(x$fpl$fdiv) refers to fnaninf.o(x$fpl$fnaninf) for __fpl_fnaninf
    fflt_clz.o(x$fpl$ffltu) refers (Special) to usenofp.o(x$fpl$usenofp) for __I$use$fp
    fflt_clz.o(x$fpl$fflt) refers (Special) to usenofp.o(x$fpl$usenofp) for __I$use$fp
    fflt_clz.o(x$fpl$ffltn) refers (Special) to usenofp.o(x$fpl$usenofp) for __I$use$fp
    __rtentry.o(.ARM.Collect$$rtentry$$00000000) refers (Special) to __rtentry2.o(.ARM.Collect$$rtentry$$0000000A) for __rt_entry_li
    __rtentry.o(.ARM.Collect$$rtentry$$00000000) refers (Special) to __rtentry2.o(.ARM.Collect$$rtentry$$0000000D) for __rt_entry_main
    __rtentry.o(.ARM.Collect$$rtentry$$00000000) refers (Special) to __rtentry2.o(.ARM.Collect$$rtentry$$0000000C) for __rt_entry_postli_1
    __rtentry.o(.ARM.Collect$$rtentry$$00000000) refers (Special) to __rtentry2.o(.ARM.Collect$$rtentry$$00000009) for __rt_entry_postsh_1
    __rtentry.o(.ARM.Collect$$rtentry$$00000000) refers (Special) to __rtentry2.o(.ARM.Collect$$rtentry$$00000002) for __rt_entry_presh_1
    __rtentry.o(.ARM.Collect$$rtentry$$00000000) refers (Special) to __rtentry4.o(.ARM.Collect$$rtentry$$00000004) for __rt_entry_sh
    _printf_char_common.o(.text) refers to __printf.o(.text) for __printf
    libinit2.o(.ARM.Collect$$libinit$$0000000F) refers (Weak) to rand.o(.text) for _rand_init
    libinit2.o(.ARM.Collect$$libinit$$00000012) refers to libinit2.o(.ARM.Collect$$libinit$$00000011) for .ARM.Collect$$libinit$$00000011
    libinit2.o(.ARM.Collect$$libinit$$00000014) refers to libinit2.o(.ARM.Collect$$libinit$$00000011) for .ARM.Collect$$libinit$$00000011
    libinit2.o(.ARM.Collect$$libinit$$00000016) refers to libinit2.o(.ARM.Collect$$libinit$$00000011) for .ARM.Collect$$libinit$$00000011
    libinit2.o(.ARM.Collect$$libinit$$00000018) refers to libinit2.o(.ARM.Collect$$libinit$$00000011) for .ARM.Collect$$libinit$$00000011
    libinit2.o(.ARM.Collect$$libinit$$0000001A) refers to libinit2.o(.ARM.Collect$$libinit$$00000011) for .ARM.Collect$$libinit$$00000011
    libinit2.o(.ARM.Collect$$libinit$$00000028) refers to argv_veneer.o(.emb_text) for __ARM_argv_veneer
    libinit2.o(.ARM.Collect$$libinit$$00000029) refers to argv_veneer.o(.emb_text) for __ARM_argv_veneer
    deqf.o(x$fpl$deqf) refers (Special) to usenofp.o(x$fpl$usenofp) for __I$use$fp
    deqf.o(x$fpl$deqf) refers to dnaninf.o(x$fpl$dnaninf) for __fpl_dnaninf
    deqf.o(x$fpl$deqf) refers to dcmpi.o(x$fpl$dcmpinf) for __fpl_dcmp_Inf
    dgeqf.o(x$fpl$dgeqf) refers (Special) to usenofp.o(x$fpl$usenofp) for __I$use$fp
    dgeqf.o(x$fpl$dgeqf) refers to dnaninf.o(x$fpl$dnaninf) for __fpl_dnaninf
    dgeqf.o(x$fpl$dgeqf) refers to dcmpi.o(x$fpl$dcmpinf) for __fpl_dcmp_Inf
    dleqf.o(x$fpl$dleqf) refers (Special) to usenofp.o(x$fpl$usenofp) for __I$use$fp
    dleqf.o(x$fpl$dleqf) refers to dnaninf.o(x$fpl$dnaninf) for __fpl_dnaninf
    dleqf.o(x$fpl$dleqf) refers to dcmpi.o(x$fpl$dcmpinf) for __fpl_dcmp_Inf
    dnaninf.o(x$fpl$dnaninf) refers (Special) to usenofp.o(x$fpl$usenofp) for __I$use$fp
    dretinf.o(x$fpl$dretinf) refers (Special) to usenofp.o(x$fpl$usenofp) for __I$use$fp
    fnaninf.o(x$fpl$fnaninf) refers (Special) to usenofp.o(x$fpl$usenofp) for __I$use$fp
    fretinf.o(x$fpl$fretinf) refers (Special) to usenofp.o(x$fpl$usenofp) for __I$use$fp
    __rtentry2.o(.ARM.Collect$$rtentry$$00000008) refers to boardinit2.o(.text) for _platform_post_stackheap_init
    __rtentry2.o(.ARM.Collect$$rtentry$$0000000A) refers to libinit.o(.ARM.Collect$$libinit$$00000000) for __rt_lib_init
    __rtentry2.o(.ARM.Collect$$rtentry$$0000000B) refers to boardinit3.o(.text) for _platform_post_lib_init
    __rtentry2.o(.ARM.Collect$$rtentry$$0000000D) refers to sample.o(.text) for main
    __rtentry2.o(.ARM.Collect$$rtentry$$0000000D) refers to exit.o(.text) for exit
    __rtentry2.o(.ARM.exidx) refers to __rtentry2.o(.ARM.Collect$$rtentry$$00000001) for .ARM.Collect$$rtentry$$00000001
    __rtentry2.o(.ARM.exidx) refers to __rtentry2.o(.ARM.Collect$$rtentry$$00000008) for .ARM.Collect$$rtentry$$00000008
    __rtentry2.o(.ARM.exidx) refers to __rtentry2.o(.ARM.Collect$$rtentry$$0000000A) for .ARM.Collect$$rtentry$$0000000A
    __rtentry2.o(.ARM.exidx) refers to __rtentry2.o(.ARM.Collect$$rtentry$$0000000B) for .ARM.Collect$$rtentry$$0000000B
    __rtentry2.o(.ARM.exidx) refers to __rtentry2.o(.ARM.Collect$$rtentry$$0000000D) for .ARM.Collect$$rtentry$$0000000D
    __rtentry4.o(.ARM.Collect$$rtentry$$00000004) refers to sys_stackheap_outer.o(.text) for __user_setup_stackheap
    __rtentry4.o(.ARM.exidx) refers to __rtentry4.o(.ARM.Collect$$rtentry$$00000004) for .ARM.Collect$$rtentry$$00000004
    argv_veneer.o(.emb_text) refers to no_argv.o(.text) for __ARM_get_argv
    dcmpi.o(x$fpl$dcmpinf) refers (Special) to usenofp.o(x$fpl$usenofp) for __I$use$fp
    sys_stackheap_outer.o(.text) refers to libspace.o(.text) for __user_perproc_libspace
    sys_stackheap_outer.o(.text) refers to startup_lpc17xx.o(.text) for __user_initial_stackheap
    exit.o(.text) refers to rtexit.o(.ARM.Collect$$rtexit$$00000000) for __rt_exit
    _get_argv_nomalloc.o(.text) refers (Special) to hrguard.o(.text) for __heap_region$guard
    _get_argv_nomalloc.o(.text) refers to defsig_rtmem_outer.o(.text) for __rt_SIGRTMEM
    _get_argv_nomalloc.o(.text) refers to sys_command.o(.text) for _sys_command_string
    libinit.o(.ARM.Collect$$libinit$$00000000) refers (Special) to libinit2.o(.ARM.Collect$$libinit$$00000030) for __rt_lib_init_alloca_1
    libinit.o(.ARM.Collect$$libinit$$00000000) refers (Special) to libinit2.o(.ARM.Collect$$libinit$$0000002E) for __rt_lib_init_argv_1
    libinit.o(.ARM.Collect$$libinit$$00000000) refers (Special) to libinit2.o(.ARM.Collect$$libinit$$0000001D) for __rt_lib_init_atexit_1
    libinit.o(.ARM.Collect$$libinit$$00000000) refers (Special) to libinit2.o(.ARM.Collect$$libinit$$00000023) for __rt_lib_init_clock_1
    libinit.o(.ARM.Collect$$libinit$$00000000) refers (Special) to libinit2.o(.ARM.Collect$$libinit$$00000034) for __rt_lib_init_cpp_1
    libinit.o(.ARM.Collect$$libinit$$00000000) refers (Special) to libinit2.o(.ARM.Collect$$libinit$$00000032) for __rt_lib_init_exceptions_1
    libinit.o(.ARM.Collect$$libinit$$00000000) refers (Special) to libinit2.o(.ARM.Collect$$libinit$$00000002) for __rt_lib_init_fp_1
    libinit.o(.ARM.Collect$$libinit$$00000000) refers (Special) to libinit2.o(.ARM.Collect$$libinit$$00000021) for __rt_lib_init_fp_trap_1
    libinit.o(.ARM.Collect$$libinit$$00000000) refers (Special) to libinit2.o(.ARM.Collect$$libinit$$00000025) for __rt_lib_init_getenv_1
    libinit.o(.ARM.Collect$$libinit$$00000000) refers (Special) to libinit2.o(.ARM.Collect$$libinit$$0000000C) for __rt_lib_init_heap_1
    libinit.o(.ARM.Collect$$libinit$$00000000) refers (Special) to libinit2.o(.ARM.Collect$$libinit$$00000013) for __rt_lib_init_lc_collate_1
    libinit.o(.ARM.Collect$$libinit$$00000000) refers (Special) to libinit2.o(.ARM.Collect$$libinit$$00000015) for __rt_lib_init_lc_ctype_1
    libinit.o(.ARM.Collect$$libinit$$00000000) refers (Special) to libinit2.o(.ARM.Collect$$libinit$$00000017) for __rt_lib_init_lc_monetary_1
    libinit.o(.ARM.Collect$$libinit$$00000000) refers (Special) to libinit2.o(.ARM.Collect$$libinit$$00000019) for __rt_lib_init_lc_numeric_1
    libinit.o(.ARM.Collect$$libinit$$00000000) refers (Special) to libinit2.o(.ARM.Collect$$libinit$$0000001B) for __rt_lib_init_lc_time_1
    libinit.o(.ARM.Collect$$libinit$$00000000) refers (Special) to libinit2.o(.ARM.Collect$$libinit$$00000006) for __rt_lib_init_preinit_1
    libinit.o(.ARM.Collect$$libinit$$00000000) refers (Special) to libinit2.o(.ARM.Collect$$libinit$$00000010) for __rt_lib_init_rand_1
    libinit.o(.ARM.Collect$$libinit$$00000000) refers (Special) to libinit2.o(.ARM.Collect$$libinit$$00000004) for __rt_lib_init_relocate_pie_1
    libinit.o(.ARM.Collect$$libinit$$00000000) refers (Special) to libinit2.o(.ARM.Collect$$libinit$$00000035) for __rt_lib_init_return
    libinit.o(.ARM.Collect$$libinit$$00000000) refers (Special) to libinit2.o(.ARM.Collect$$libinit$$0000001F) for __rt_lib_init_signal_1
    libinit.o(.ARM.Collect$$libinit$$00000000) refers (Special) to libinit2.o(.ARM.Collect$$libinit$$00000027) for __rt_lib_init_stdio_1
    libinit.o(.ARM.Collect$$libinit$$00000000) refers (Special) to libinit2.o(.ARM.Collect$$libinit$$0000000E) for __rt_lib_init_user_alloc_1
    sys_command.o(.text) refers (Special) to use_no_semi.o(.text) for __I$use$semihosting
    sys_command.o(.text) refers (Special) to indicate_semi.o(.text) for __semihosting_library_function
    sys_command_hlt.o(.text) refers (Special) to use_no_semi.o(.text) for __I$use$semihosting
    sys_command_hlt.o(.text) refers (Special) to indicate_semi.o(.text) for __semihosting_library_function
    libspace.o(.text) refers to libspace.o(.bss) for __libspace_start
    rtexit.o(.ARM.Collect$$rtexit$$00000000) refers (Special) to rtexit2.o(.ARM.Collect$$rtexit$$00000004) for __rt_exit_exit
    rtexit.o(.ARM.Collect$$rtexit$$00000000) refers (Special) to rtexit2.o(.ARM.Collect$$rtexit$$00000003) for __rt_exit_ls
    rtexit.o(.ARM.Collect$$rtexit$$00000000) refers (Special) to rtexit2.o(.ARM.Collect$$rtexit$$00000002) for __rt_exit_prels_1
    rtexit.o(.ARM.exidx) refers (Special) to rtexit2.o(.ARM.Collect$$rtexit$$00000004) for __rt_exit_exit
    rtexit.o(.ARM.exidx) refers (Special) to rtexit2.o(.ARM.Collect$$rtexit$$00000003) for __rt_exit_ls
    rtexit.o(.ARM.exidx) refers (Special) to rtexit2.o(.ARM.Collect$$rtexit$$00000002) for __rt_exit_prels_1
    rtexit.o(.ARM.exidx) refers to rtexit.o(.ARM.Collect$$rtexit$$00000000) for .ARM.Collect$$rtexit$$00000000
    defsig_rtmem_outer.o(.text) refers to defsig_rtmem_inner.o(.text) for __rt_SIGRTMEM_inner
    defsig_rtmem_outer.o(.text) refers to defsig_exit.o(.text) for __sig_exit
    defsig_rtmem_formal.o(.text) refers to rt_raise.o(.text) for __rt_raise
    rtexit2.o(.ARM.Collect$$rtexit$$00000003) refers to libshutdown.o(.ARM.Collect$$libshutdown$$00000000) for __rt_lib_shutdown
    rtexit2.o(.ARM.Collect$$rtexit$$00000004) refers to sys_exit.o(.text) for _sys_exit
    rtexit2.o(.ARM.exidx) refers to rtexit2.o(.ARM.Collect$$rtexit$$00000001) for .ARM.Collect$$rtexit$$00000001
    rtexit2.o(.ARM.exidx) refers to rtexit2.o(.ARM.Collect$$rtexit$$00000003) for .ARM.Collect$$rtexit$$00000003
    rtexit2.o(.ARM.exidx) refers to rtexit2.o(.ARM.Collect$$rtexit$$00000004) for .ARM.Collect$$rtexit$$00000004
    rt_raise.o(.text) refers to __raise.o(.text) for __raise
    rt_raise.o(.text) refers to sys_exit.o(.text) for _sys_exit
    defsig_exit.o(.text) refers to sys_exit.o(.text) for _sys_exit
    defsig_rtmem_inner.o(.text) refers to defsig_general.o(.text) for __default_signal_display
    sys_exit.o(.text) refers (Special) to use_no_semi.o(.text) for __I$use$semihosting
    sys_exit.o(.text) refers (Special) to indicate_semi.o(.text) for __semihosting_library_function
    sys_exit_hlt.o(.text) refers (Special) to use_no_semi.o(.text) for __I$use$semihosting
    sys_exit_hlt.o(.text) refers (Special) to indicate_semi.o(.text) for __semihosting_library_function
    __raise.o(.text) refers to defsig.o(CL$$defsig) for __default_signal_handler
    defsig_general.o(.text) refers to sys_wrch.o(.text) for _ttywrch
    libshutdown.o(.ARM.Collect$$libshutdown$$00000000) refers (Special) to libshutdown2.o(.ARM.Collect$$libshutdown$$00000002) for __rt_lib_shutdown_cpp_1
    libshutdown.o(.ARM.Collect$$libshutdown$$00000000) refers (Special) to libshutdown2.o(.ARM.Collect$$libshutdown$$00000007) for __rt_lib_shutdown_fp_trap_1
    libshutdown.o(.ARM.Collect$$libshutdown$$00000000) refers (Special) to libshutdown2.o(.ARM.Collect$$libshutdown$$0000000F) for __rt_lib_shutdown_heap_1
    libshutdown.o(.ARM.Collect$$libshutdown$$00000000) refers (Special) to libshutdown2.o(.ARM.Collect$$libshutdown$$00000010) for __rt_lib_shutdown_return
    libshutdown.o(.ARM.Collect$$libshutdown$$00000000) refers (Special) to libshutdown2.o(.ARM.Collect$$libshutdown$$0000000A) for __rt_lib_shutdown_signal_1
    libshutdown.o(.ARM.Collect$$libshutdown$$00000000) refers (Special) to libshutdown2.o(.ARM.Collect$$libshutdown$$00000004) for __rt_lib_shutdown_stdio_1
    libshutdown.o(.ARM.Collect$$libshutdown$$00000000) refers (Special) to libshutdown2.o(.ARM.Collect$$libshutdown$$0000000C) for __rt_lib_shutdown_user_alloc_1
    sys_wrch.o(.text) refers (Special) to use_no_semi.o(.text) for __I$use$semihosting
    sys_wrch.o(.text) refers (Special) to indicate_semi.o(.text) for __semihosting_library_function
    sys_wrch_hlt.o(.text) refers (Special) to use_no_semi.o(.text) for __I$use$semihosting
    sys_wrch_hlt.o(.text) refers (Special) to indicate_semi.o(.text) for __semihosting_library_function
    defsig.o(CL$$defsig) refers to defsig_rtmem_inner.o(.text) for __rt_SIGRTMEM_inner
    defsig_abrt_inner.o(.text) refers to defsig_general.o(.text) for __default_signal_display
    defsig_fpe_inner.o(.text) refers to defsig_general.o(.text) for __default_signal_display
    defsig_rtred_inner.o(.text) refers to defsig_general.o(.text) for __default_signal_display
    defsig_stak_inner.o(.text) refers to defsig_general.o(.text) for __default_signal_display
    defsig_pvfn_inner.o(.text) refers to defsig_general.o(.text) for __default_signal_display
    defsig_cppl_inner.o(.text) refers to defsig_general.o(.text) for __default_signal_display
    defsig_segv_inner.o(.text) refers to defsig_general.o(.text) for __default_signal_display
    defsig_other.o(.text) refers to defsig_general.o(.text) for __default_signal_display


==============================================================================

Removing Unused input sections from the image.

    Removing sample.o(.ARM.exidx), (8 bytes).
    Removing sample.o(.ARM.use_no_argv), (4 bytes).
    Removing functions.o(.text), (60 bytes).
    Removing functions.o(.ARM.exidx), (16 bytes).
    Removing utils.o(.text), (0 bytes).
    Removing game.o(.ARM.exidx), (96 bytes).
    Removing system_lpc17xx.o(.ARM.exidx), (8 bytes).
    Removing funct_led.o(.text), (442 bytes).
    Removing funct_led.o(.ARM.exidx), (56 bytes).
    Removing funct_led.o(.rodata.led_mask), (32 bytes).
    Removing lib_led.o(.text), (70 bytes).
    Removing lib_led.o(.ARM.exidx), (16 bytes).
    Removing lib_led.o(.bss.led_value), (1 bytes).
    Removing irq_button.o(.ARM.exidx), (24 bytes).
    Removing lib_button.o(.ARM.exidx), (8 bytes).
    Removing irq_rit.o(.ARM.exidx), (8 bytes).
    Removing irq_rit.o(.bss.J_up_left), (4 bytes).
    Removing irq_rit.o(.bss.J_up_right), (4 bytes).
    Removing irq_rit.o(.bss.J_down_left), (4 bytes).
    Removing irq_rit.o(.bss.J_down_right), (4 bytes).
    Removing irq_rit.o(.rodata.long_press_count_1), (4 bytes).
    Removing lib_rit.o(.ARM.exidx), (40 bytes).
    Removing lib_joystick.o(.ARM.exidx), (8 bytes).
    Removing asm_functs.o(asm_functions), (704 bytes).
    Removing irq_timer.o(.ARM.exidx), (32 bytes).
    Removing lib_timer.o(.ARM.exidx), (80 bytes).
    Removing asciilib.o(.ARM.exidx), (8 bytes).
    Removing glcd.o(.ARM.exidx), (96 bytes).
    Removing hzlib.o(.text), (68 bytes).
    Removing hzlib.o(.ARM.exidx), (8 bytes).
    Removing hzlib.o(.rodata.HzLib), (216576 bytes).
    Removing touchpanel.o(.text), (2308 bytes).
    Removing touchpanel.o(.ARM.exidx), (96 bytes).
    Removing touchpanel.o(.data.DisplaySample), (12 bytes).
    Removing touchpanel.o(.bss.Read_Ads7846.screen), (4 bytes).
    Removing touchpanel.o(.bss.ScreenSample), (12 bytes).
    Removing touchpanel.o(.bss.matrix), (56 bytes).
    Removing touchpanel.o(.bss.display), (4 bytes).
    Removing music.o(.ARM.exidx), (16 bytes).

39 unused section(s) (total 220997 bytes) removed from the image.

==============================================================================

Image Symbol Table

    Local Symbols

    Symbol Name                              Value     Ov Type        Size  Object(Section)

    ../clib/angel/boardlib.s                 0x00000000   Number         0  boardinit1.o ABSOLUTE
    ../clib/angel/boardlib.s                 0x00000000   Number         0  boardinit2.o ABSOLUTE
    ../clib/angel/boardlib.s                 0x00000000   Number         0  boardinit3.o ABSOLUTE
    ../clib/angel/boardlib.s                 0x00000000   Number         0  boardshut.o ABSOLUTE
    ../clib/angel/dczerorl2.s                0x00000000   Number         0  __dczerorl2.o ABSOLUTE
    ../clib/angel/handlers.s                 0x00000000   Number         0  __scatter_copy.o ABSOLUTE
    ../clib/angel/handlers.s                 0x00000000   Number         0  __scatter_zi.o ABSOLUTE
    ../clib/angel/kernel.s                   0x00000000   Number         0  __rtentry.o ABSOLUTE
    ../clib/angel/kernel.s                   0x00000000   Number         0  __rtentry2.o ABSOLUTE
    ../clib/angel/kernel.s                   0x00000000   Number         0  __rtentry4.o ABSOLUTE
    ../clib/angel/kernel.s                   0x00000000   Number         0  rtexit.o ABSOLUTE
    ../clib/angel/kernel.s                   0x00000000   Number         0  rtexit2.o ABSOLUTE
    ../clib/angel/rt.s                       0x00000000   Number         0  rt_raise.o ABSOLUTE
    ../clib/angel/scatter.s                  0x00000000   Number         0  __scatter.o ABSOLUTE
    ../clib/angel/startup.s                  0x00000000   Number         0  __main.o ABSOLUTE
    ../clib/angel/sys.s                      0x00000000   Number         0  sys_stackheap_outer.o ABSOLUTE
    ../clib/angel/sys.s                      0x00000000   Number         0  libspace.o ABSOLUTE
    ../clib/angel/sys.s                      0x00000000   Number         0  use_no_semi.o ABSOLUTE
    ../clib/angel/sys.s                      0x00000000   Number         0  indicate_semi.o ABSOLUTE
    ../clib/angel/sysapp.c                   0x00000000   Number         0  sys_command.o ABSOLUTE
    ../clib/angel/sysapp.c                   0x00000000   Number         0  sys_command_hlt.o ABSOLUTE
    ../clib/angel/sysapp.c                   0x00000000   Number         0  sys_exit.o ABSOLUTE
    ../clib/angel/sysapp.c                   0x00000000   Number         0  sys_exit_hlt.o ABSOLUTE
    ../clib/angel/sysapp.c                   0x00000000   Number         0  sys_wrch.o ABSOLUTE
    ../clib/angel/sysapp.c                   0x00000000   Number         0  sys_wrch_hlt.o ABSOLUTE
    ../clib/armsys.c                         0x00000000   Number         0  argv_veneer.o ABSOLUTE
    ../clib/armsys.c                         0x00000000   Number         0  argv_veneer.o ABSOLUTE
    ../clib/armsys.c                         0x00000000   Number         0  _get_argv_nomalloc.o ABSOLUTE
    ../clib/armsys.c                         0x00000000   Number         0  no_argv.o ABSOLUTE
    ../clib/heapalloc.c                      0x00000000   Number         0  hrguard.o ABSOLUTE
    ../clib/heapaux.c                        0x00000000   Number         0  heapauxi.o ABSOLUTE
    ../clib/libinit.s                        0x00000000   Number         0  libinit2.o ABSOLUTE
    ../clib/libinit.s                        0x00000000   Number         0  libinit.o ABSOLUTE
    ../clib/libinit.s                        0x00000000   Number         0  libshutdown.o ABSOLUTE
    ../clib/libinit.s                        0x00000000   Number         0  libshutdown2.o ABSOLUTE
    ../clib/memcpset.s                       0x00000000   Number         0  rt_memcpy_v6.o ABSOLUTE
    ../clib/memcpset.s                       0x00000000   Number         0  rt_memclr_w.o ABSOLUTE
    ../clib/memcpset.s                       0x00000000   Number         0  rt_memcpy_w.o ABSOLUTE
    ../clib/printf.c                         0x00000000   Number         0  __2sprintf.o ABSOLUTE
    ../clib/printf.c                         0x00000000   Number         0  noretval__2sprintf.o ABSOLUTE
    ../clib/printf.c                         0x00000000   Number         0  __printf.o ABSOLUTE
    ../clib/printf.c                         0x00000000   Number         0  _printf_dec.o ABSOLUTE
    ../clib/printf.c                         0x00000000   Number         0  __printf_flags.o ABSOLUTE
    ../clib/printf.c                         0x00000000   Number         0  __printf_ss.o ABSOLUTE
    ../clib/printf.c                         0x00000000   Number         0  __printf_flags_ss.o ABSOLUTE
    ../clib/printf.c                         0x00000000   Number         0  __printf_wp.o ABSOLUTE
    ../clib/printf.c                         0x00000000   Number         0  __printf_flags_wp.o ABSOLUTE
    ../clib/printf.c                         0x00000000   Number         0  __printf_ss_wp.o ABSOLUTE
    ../clib/printf.c                         0x00000000   Number         0  __printf_flags_ss_wp.o ABSOLUTE
    ../clib/printf.c                         0x00000000   Number         0  _printf_intcommon.o ABSOLUTE
    ../clib/printf.c                         0x00000000   Number         0  _printf_char_common.o ABSOLUTE
    ../clib/printf.c                         0x00000000   Number         0  _sputc.o ABSOLUTE
    ../clib/printf.c                         0x00000000   Number         0  __printf_nopercent.o ABSOLUTE
    ../clib/printf_percent.s                 0x00000000   Number         0  _printf_d.o ABSOLUTE
    ../clib/printf_percent.s                 0x00000000   Number         0  _printf_percent.o ABSOLUTE
    ../clib/printf_percent.s                 0x00000000   Number         0  _printf_percent_end.o ABSOLUTE
    ../clib/signal.c                         0x00000000   Number         0  defsig_rtmem_outer.o ABSOLUTE
    ../clib/signal.c                         0x00000000   Number         0  defsig_rtmem_formal.o ABSOLUTE
    ../clib/signal.c                         0x00000000   Number         0  defsig_exit.o ABSOLUTE
    ../clib/signal.c                         0x00000000   Number         0  defsig_rtmem_inner.o ABSOLUTE
    ../clib/signal.c                         0x00000000   Number         0  __raise.o ABSOLUTE
    ../clib/signal.c                         0x00000000   Number         0  defsig_general.o ABSOLUTE
    ../clib/signal.c                         0x00000000   Number         0  defsig_abrt_inner.o ABSOLUTE
    ../clib/signal.c                         0x00000000   Number         0  defsig_fpe_inner.o ABSOLUTE
    ../clib/signal.c                         0x00000000   Number         0  defsig_rtred_inner.o ABSOLUTE
    ../clib/signal.c                         0x00000000   Number         0  defsig_stak_inner.o ABSOLUTE
    ../clib/signal.c                         0x00000000   Number         0  defsig_pvfn_inner.o ABSOLUTE
    ../clib/signal.c                         0x00000000   Number         0  defsig_cppl_inner.o ABSOLUTE
    ../clib/signal.c                         0x00000000   Number         0  defsig_segv_inner.o ABSOLUTE
    ../clib/signal.c                         0x00000000   Number         0  defsig_other.o ABSOLUTE
    ../clib/signal.s                         0x00000000   Number         0  defsig.o ABSOLUTE
    ../clib/stdlib.c                         0x00000000   Number         0  rand.o ABSOLUTE
    ../clib/stdlib.c                         0x00000000   Number         0  rand.o ABSOLUTE
    ../clib/stdlib.c                         0x00000000   Number         0  exit.o ABSOLUTE
    ../fplib/daddsub.s                       0x00000000   Number         0  daddsub_clz.o ABSOLUTE
    ../fplib/dcmp.s                          0x00000000   Number         0  dcmp.o ABSOLUTE
    ../fplib/dcmpi.s                         0x00000000   Number         0  dcmpi.o ABSOLUTE
    ../fplib/ddiv.s                          0x00000000   Number         0  ddiv.o ABSOLUTE
    ../fplib/deqf.s                          0x00000000   Number         0  deqf.o ABSOLUTE
    ../fplib/dfix.s                          0x00000000   Number         0  dfix.o ABSOLUTE
    ../fplib/dflt.s                          0x00000000   Number         0  dflt_clz.o ABSOLUTE
    ../fplib/dgeqf.s                         0x00000000   Number         0  dgeqf.o ABSOLUTE
    ../fplib/dleqf.s                         0x00000000   Number         0  dleqf.o ABSOLUTE
    ../fplib/dmul.s                          0x00000000   Number         0  dmul.o ABSOLUTE
    ../fplib/dnaninf.s                       0x00000000   Number         0  dnaninf.o ABSOLUTE
    ../fplib/dretinf.s                       0x00000000   Number         0  dretinf.o ABSOLUTE
    ../fplib/fdiv.s                          0x00000000   Number         0  fdiv.o ABSOLUTE
    ../fplib/fflt.s                          0x00000000   Number         0  fflt_clz.o ABSOLUTE
    ../fplib/fnaninf.s                       0x00000000   Number         0  fnaninf.o ABSOLUTE
    ../fplib/fpinit.s                        0x00000000   Number         0  fpinit.o ABSOLUTE
    ../fplib/fpinit_empty.s                  0x00000000   Number         0  fpinit_empty.o ABSOLUTE
    ../fplib/fretinf.s                       0x00000000   Number         0  fretinf.o ABSOLUTE
    ../fplib/usenofp.s                       0x00000000   Number         0  usenofp.o ABSOLUTE
    AsciiLib.c                               0x00000000   Number         0  asciilib.o ABSOLUTE
    GLCD.c                                   0x00000000   Number         0  glcd.o ABSOLUTE
    HzLib.c                                  0x00000000   Number         0  hzlib.o ABSOLUTE
    IRQ_RIT.c                                0x00000000   Number         0  irq_rit.o ABSOLUTE
    IRQ_button.c                             0x00000000   Number         0  irq_button.o ABSOLUTE
    IRQ_timer.c                              0x00000000   Number         0  irq_timer.o ABSOLUTE
    Source\ASM\ASM_functs.s                  0x00000000   Number         0  asm_functs.o ABSOLUTE
    Source\startup_LPC17xx.s                 0x00000000   Number         0  startup_lpc17xx.o ABSOLUTE
    TouchPanel.c                             0x00000000   Number         0  touchpanel.o ABSOLUTE
    dc.s                                     0x00000000   Number         0  dc.o ABSOLUTE
    funct_led.c                              0x00000000   Number         0  funct_led.o ABSOLUTE
    functions.c                              0x00000000   Number         0  functions.o ABSOLUTE
    game.c                                   0x00000000   Number         0  game.o ABSOLUTE
    lib_RIT.c                                0x00000000   Number         0  lib_rit.o ABSOLUTE
    lib_button.c                             0x00000000   Number         0  lib_button.o ABSOLUTE
    lib_joystick.c                           0x00000000   Number         0  lib_joystick.o ABSOLUTE
    lib_led.c                                0x00000000   Number         0  lib_led.o ABSOLUTE
    lib_timer.c                              0x00000000   Number         0  lib_timer.o ABSOLUTE
    music.c                                  0x00000000   Number         0  music.o ABSOLUTE
    sample.c                                 0x00000000   Number         0  sample.o ABSOLUTE
    system_LPC17xx.c                         0x00000000   Number         0  system_lpc17xx.o ABSOLUTE
    utils.c                                  0x00000000   Number         0  utils.o ABSOLUTE
    RESET                                    0x00000000   Section      204  startup_lpc17xx.o(RESET)
    !!!main                                  0x000000cc   Section        8  __main.o(!!!main)
    !!!scatter                               0x000000d4   Section       92  __scatter.o(!!!scatter)
    !!dczerorl2                              0x00000130   Section       90  __dczerorl2.o(!!dczerorl2)
    !!handler_copy                           0x0000018c   Section       26  __scatter_copy.o(!!handler_copy)
    !!handler_null                           0x000001a8   Section        2  __scatter.o(!!handler_null)
    !!handler_zi                             0x000001ac   Section       28  __scatter_zi.o(!!handler_zi)
    .ARM.Collect$$_printf_percent$$00000000  0x000001c8   Section        0  _printf_percent.o(.ARM.Collect$$_printf_percent$$00000000)
    .ARM.Collect$$_printf_percent$$00000009  0x000001c8   Section        6  _printf_d.o(.ARM.Collect$$_printf_percent$$00000009)
    .ARM.Collect$$_printf_percent$$00000017  0x000001ce   Section        4  _printf_percent_end.o(.ARM.Collect$$_printf_percent$$00000017)
    .ARM.Collect$$libinit$$00000000          0x000001d2   Section        2  libinit.o(.ARM.Collect$$libinit$$00000000)
    .ARM.Collect$$libinit$$00000002          0x000001d4   Section        0  libinit2.o(.ARM.Collect$$libinit$$00000002)
    .ARM.Collect$$libinit$$00000004          0x000001d4   Section        0  libinit2.o(.ARM.Collect$$libinit$$00000004)
    .ARM.Collect$$libinit$$00000006          0x000001d4   Section        0  libinit2.o(.ARM.Collect$$libinit$$00000006)
    .ARM.Collect$$libinit$$0000000C          0x000001d4   Section        0  libinit2.o(.ARM.Collect$$libinit$$0000000C)
    .ARM.Collect$$libinit$$0000000E          0x000001d4   Section        0  libinit2.o(.ARM.Collect$$libinit$$0000000E)
    .ARM.Collect$$libinit$$0000000F          0x000001d4   Section        4  libinit2.o(.ARM.Collect$$libinit$$0000000F)
    .ARM.Collect$$libinit$$00000010          0x000001d8   Section        0  libinit2.o(.ARM.Collect$$libinit$$00000010)
    .ARM.Collect$$libinit$$00000013          0x000001d8   Section        0  libinit2.o(.ARM.Collect$$libinit$$00000013)
    .ARM.Collect$$libinit$$00000015          0x000001d8   Section        0  libinit2.o(.ARM.Collect$$libinit$$00000015)
    .ARM.Collect$$libinit$$00000017          0x000001d8   Section        0  libinit2.o(.ARM.Collect$$libinit$$00000017)
    .ARM.Collect$$libinit$$00000019          0x000001d8   Section        0  libinit2.o(.ARM.Collect$$libinit$$00000019)
    .ARM.Collect$$libinit$$0000001B          0x000001d8   Section        0  libinit2.o(.ARM.Collect$$libinit$$0000001B)
    .ARM.Collect$$libinit$$0000001D          0x000001d8   Section        0  libinit2.o(.ARM.Collect$$libinit$$0000001D)
    .ARM.Collect$$libinit$$0000001F          0x000001d8   Section        0  libinit2.o(.ARM.Collect$$libinit$$0000001F)
    .ARM.Collect$$libinit$$00000021          0x000001d8   Section        0  libinit2.o(.ARM.Collect$$libinit$$00000021)
    .ARM.Collect$$libinit$$00000023          0x000001d8   Section        0  libinit2.o(.ARM.Collect$$libinit$$00000023)
    .ARM.Collect$$libinit$$00000025          0x000001d8   Section        0  libinit2.o(.ARM.Collect$$libinit$$00000025)
    .ARM.Collect$$libinit$$00000027          0x000001d8   Section        0  libinit2.o(.ARM.Collect$$libinit$$00000027)
    .ARM.Collect$$libinit$$0000002E          0x000001d8   Section        0  libinit2.o(.ARM.Collect$$libinit$$0000002E)
    .ARM.Collect$$libinit$$00000030          0x000001d8   Section        0  libinit2.o(.ARM.Collect$$libinit$$00000030)
    .ARM.Collect$$libinit$$00000032          0x000001d8   Section        0  libinit2.o(.ARM.Collect$$libinit$$00000032)
    .ARM.Collect$$libinit$$00000034          0x000001d8   Section        0  libinit2.o(.ARM.Collect$$libinit$$00000034)
    .ARM.Collect$$libinit$$00000035          0x000001d8   Section        2  libinit2.o(.ARM.Collect$$libinit$$00000035)
    .ARM.Collect$$libshutdown$$00000000      0x000001da   Section        2  libshutdown.o(.ARM.Collect$$libshutdown$$00000000)
    .ARM.Collect$$libshutdown$$00000002      0x000001dc   Section        0  libshutdown2.o(.ARM.Collect$$libshutdown$$00000002)
    .ARM.Collect$$libshutdown$$00000004      0x000001dc   Section        0  libshutdown2.o(.ARM.Collect$$libshutdown$$00000004)
    .ARM.Collect$$libshutdown$$00000007      0x000001dc   Section        0  libshutdown2.o(.ARM.Collect$$libshutdown$$00000007)
    .ARM.Collect$$libshutdown$$0000000A      0x000001dc   Section        0  libshutdown2.o(.ARM.Collect$$libshutdown$$0000000A)
    .ARM.Collect$$libshutdown$$0000000C      0x000001dc   Section        0  libshutdown2.o(.ARM.Collect$$libshutdown$$0000000C)
    .ARM.Collect$$libshutdown$$0000000F      0x000001dc   Section        0  libshutdown2.o(.ARM.Collect$$libshutdown$$0000000F)
    .ARM.Collect$$libshutdown$$00000010      0x000001dc   Section        2  libshutdown2.o(.ARM.Collect$$libshutdown$$00000010)
    .ARM.Collect$$rtentry$$00000000          0x000001de   Section        0  __rtentry.o(.ARM.Collect$$rtentry$$00000000)
    .ARM.Collect$$rtentry$$00000002          0x000001de   Section        0  __rtentry2.o(.ARM.Collect$$rtentry$$00000002)
    .ARM.Collect$$rtentry$$00000004          0x000001de   Section        6  __rtentry4.o(.ARM.Collect$$rtentry$$00000004)
    .ARM.Collect$$rtentry$$00000009          0x000001e4   Section        0  __rtentry2.o(.ARM.Collect$$rtentry$$00000009)
    .ARM.Collect$$rtentry$$0000000A          0x000001e4   Section        4  __rtentry2.o(.ARM.Collect$$rtentry$$0000000A)
    .ARM.Collect$$rtentry$$0000000C          0x000001e8   Section        0  __rtentry2.o(.ARM.Collect$$rtentry$$0000000C)
    .ARM.Collect$$rtentry$$0000000D          0x000001e8   Section        8  __rtentry2.o(.ARM.Collect$$rtentry$$0000000D)
    .ARM.Collect$$rtexit$$00000000           0x000001f0   Section        2  rtexit.o(.ARM.Collect$$rtexit$$00000000)
    .ARM.Collect$$rtexit$$00000002           0x000001f2   Section        0  rtexit2.o(.ARM.Collect$$rtexit$$00000002)
    .ARM.Collect$$rtexit$$00000003           0x000001f2   Section        4  rtexit2.o(.ARM.Collect$$rtexit$$00000003)
    .ARM.Collect$$rtexit$$00000004           0x000001f6   Section        6  rtexit2.o(.ARM.Collect$$rtexit$$00000004)
    .emb_text                                0x000001fc   Section       52  rand.o(.emb_text)
    .text                                    0x00000230   Section       56  startup_lpc17xx.o(.text)
    [Anonymous Symbol]                       0x00000268   Section        0  sample.o(.text)
    .text                                    0x000002c4   Section        0  noretval__2sprintf.o(.text)
    .text                                    0x000002ec   Section        0  heapauxi.o(.text)
    .text                                    0x000002f2   Section        0  _sputc.o(.text)
    .ARM.__at_0x02FC                         0x000002fc   Section        4  startup_lpc17xx.o(.ARM.__at_0x02FC)
    [Anonymous Symbol]                       0x00000300   Section        0  game.o(.text)
    [Anonymous Symbol]                       0x000012cc   Section        0  system_lpc17xx.o(.text)
    [Anonymous Symbol]                       0x000013fc   Section        0  irq_button.o(.text)
    [Anonymous Symbol]                       0x000014c8   Section        0  lib_button.o(.text)
    [Anonymous Symbol]                       0x00001544   Section        0  irq_rit.o(.text)
    [Anonymous Symbol]                       0x000016d8   Section        0  lib_rit.o(.text)
    [Anonymous Symbol]                       0x00001764   Section        0  lib_joystick.o(.text)
    [Anonymous Symbol]                       0x000017c8   Section        0  irq_timer.o(.text)
    [Anonymous Symbol]                       0x00001888   Section        0  lib_timer.o(.text)
    [Anonymous Symbol]                       0x00001b8c   Section        0  asciilib.o(.text)
    [Anonymous Symbol]                       0x00001bc8   Section        0  glcd.o(.text)
    LCD_Configuration                        0x00004ad5   Thumb Code    32  glcd.o(.text)
    delay_ms                                 0x00004af5   Thumb Code    82  glcd.o(.text)
    LCD_SetCursor                            0x00005335   Thumb Code  1932  glcd.o(.text)
    LCD_BGR2RGB                              0x00005fed   Thumb Code    72  glcd.o(.text)
    wait_delay                               0x00006505   Thumb Code    22  glcd.o(.text)
    [Anonymous Symbol]                       0x0000651c   Section        0  music.o(.text)
    .text                                    0x000065ac   Section        0  __printf.o(.text)
    .text                                    0x00006614   Section        0  _printf_dec.o(.text)
    .text                                    0x0000668c   Section        0  rand.o(.text)
    .text                                    0x000066c8   Section       78  rt_memclr_w.o(.text)
    .text                                    0x00006716   Section        0  _printf_intcommon.o(.text)
    _printf_input_char                       0x000067c9   Thumb Code    10  _printf_char_common.o(.text)
    .text                                    0x000067c8   Section        0  _printf_char_common.o(.text)
    .text                                    0x000067f8   Section       74  sys_stackheap_outer.o(.text)
    .text                                    0x00006842   Section        0  exit.o(.text)
    .text                                    0x00006854   Section        8  libspace.o(.text)
    .text                                    0x0000685c   Section        2  use_no_semi.o(.text)
    .text                                    0x0000685e   Section        0  indicate_semi.o(.text)
    .text                                    0x00006860   Section        0  sys_exit.o(.text)
    _fdiv1                                   0x0000686d   Thumb Code     0  fdiv.o(x$fpl$fdiv)
    x$fpl$fdiv                               0x0000686c   Section      388  fdiv.o(x$fpl$fdiv)
    x$fpl$ffltu                              0x000069f0   Section       38  fflt_clz.o(x$fpl$ffltu)
    x$fpl$fnaninf                            0x00006a16   Section      140  fnaninf.o(x$fpl$fnaninf)
    x$fpl$fretinf                            0x00006aa2   Section       10  fretinf.o(x$fpl$fretinf)
    AsciiLib                                 0x00006aac   Data        1520  asciilib.o(.rodata.AsciiLib)
    [Anonymous Symbol]                       0x00006aac   Section        0  asciilib.o(.rodata.AsciiLib)
    x$fpl$usenofp                            0x00006aac   Section        0  usenofp.o(x$fpl$usenofp)
    .L.str.5                                 0x0000718c   Data           7  game.o(.rodata.str1.1)
    [Anonymous Symbol]                       0x0000718c   Section        0  game.o(.rodata.str1.1)
    .L.str.1                                 0x00007193   Data           3  game.o(.rodata.str1.1)
    .bss                                     0x10000008   Section       96  libspace.o(.bss)
    LCD_Code                                 0x10000074   Data           1  glcd.o(.bss.LCD_Code)
    [Anonymous Symbol]                       0x10000074   Section        0  glcd.o(.bss.LCD_Code)
    Stack_Mem                                0x10000270   Data        4096  startup_lpc17xx.o(STACK)
    STACK                                    0x10000270   Section     4096  startup_lpc17xx.o(STACK)
    __initial_sp                             0x10001270   Data           0  startup_lpc17xx.o(STACK)
    .bss                                     0x2007c148   Section      228  rand.o(.bss)
    TIMER0_IRQHandler.tick                   0x2007c234   Data           1  irq_timer.o(.bss.TIMER0_IRQHandler.tick)
    [Anonymous Symbol]                       0x2007c234   Section        0  irq_timer.o(.bss.TIMER0_IRQHandler.tick)
    current_note                             0x2007c238   Data           4  irq_timer.o(.bss.current_note)
    [Anonymous Symbol]                       0x2007c238   Section        0  irq_timer.o(.bss.current_note)
    ticks                                    0x2007c25c   Data           4  game.o(.bss.ticks)
    [Anonymous Symbol]                       0x2007c25c   Section        0  game.o(.bss.ticks)
    Heap_Mem                                 0x2007c268   Data        4096  startup_lpc17xx.o(HEAP)
    HEAP                                     0x2007c268   Section     4096  startup_lpc17xx.o(HEAP)

    Global Symbols

    Symbol Name                              Value     Ov Type        Size  Object(Section)

    BuildAttributes$$THM_ISAv4$P$D$K$B$S$PE$A:L22UL41UL21$X:L11$S22US41US21$IEEE1$IW$~IW$USESV6$~STKCKD$USESV7$~SHL$OTIME$ROPI$EBA8$UX$STANDARDLIB$REQ8$EABIv2 0x00000000   Number         0  anon$$obj.o ABSOLUTE
    __Vectors                                0x00000000   Data           4  startup_lpc17xx.o(RESET)
    __fp_init_empty                          0x00000000   Number         0  fpinit_empty.o ABSOLUTE
    __ARM_exceptions_init                     - Undefined Weak Reference
    __alloca_initialize                       - Undefined Weak Reference
    __arm_preinit_                            - Undefined Weak Reference
    __arm_relocate_pie_                       - Undefined Weak Reference
    __cpp_initialize__aeabi_                  - Undefined Weak Reference
    __cxa_finalize                            - Undefined Weak Reference
    __rt_locale                               - Undefined Weak Reference
    __sigvec_lookup                           - Undefined Weak Reference
    _atexit_init                              - Undefined Weak Reference
    _call_atexit_fns                          - Undefined Weak Reference
    _clock_init                               - Undefined Weak Reference
    _fp_trap_init                             - Undefined Weak Reference
    _fp_trap_shutdown                         - Undefined Weak Reference
    _get_lc_collate                           - Undefined Weak Reference
    _get_lc_ctype                             - Undefined Weak Reference
    _get_lc_monetary                          - Undefined Weak Reference
    _get_lc_numeric                           - Undefined Weak Reference
    _get_lc_time                              - Undefined Weak Reference
    _getenv_init                              - Undefined Weak Reference
    _handle_redirection                       - Undefined Weak Reference
    _init_alloc                               - Undefined Weak Reference
    _init_user_alloc                          - Undefined Weak Reference
    _initio                                   - Undefined Weak Reference
    _printf_post_padding                      - Undefined Weak Reference
    _printf_pre_padding                       - Undefined Weak Reference
    _printf_truncate_signed                   - Undefined Weak Reference
    _printf_truncate_unsigned                 - Undefined Weak Reference
    _signal_finish                            - Undefined Weak Reference
    _signal_init                              - Undefined Weak Reference
    _terminate_alloc                          - Undefined Weak Reference
    _terminate_user_alloc                     - Undefined Weak Reference
    _terminateio                              - Undefined Weak Reference
    __main                                   0x000000cd   Thumb Code     8  __main.o(!!!main)
    __scatterload                            0x000000d5   Thumb Code     0  __scatter.o(!!!scatter)
    __scatterload_rt2                        0x000000d5   Thumb Code    84  __scatter.o(!!!scatter)
    __scatterload_rt2_thumb_only             0x000000d5   Thumb Code     0  __scatter.o(!!!scatter)
    __scatterload_loop                       0x000000df   Thumb Code     0  __scatter.o(!!!scatter)
    __decompress                             0x00000131   Thumb Code    90  __dczerorl2.o(!!dczerorl2)
    __decompress1                            0x00000131   Thumb Code     0  __dczerorl2.o(!!dczerorl2)
    __scatterload_copy                       0x0000018d   Thumb Code    26  __scatter_copy.o(!!handler_copy)
    __scatterload_null                       0x000001a9   Thumb Code     2  __scatter.o(!!handler_null)
    __scatterload_zeroinit                   0x000001ad   Thumb Code    28  __scatter_zi.o(!!handler_zi)
    _printf_d                                0x000001c9   Thumb Code     0  _printf_d.o(.ARM.Collect$$_printf_percent$$00000009)
    _printf_percent                          0x000001c9   Thumb Code     0  _printf_percent.o(.ARM.Collect$$_printf_percent$$00000000)
    _printf_percent_end                      0x000001cf   Thumb Code     0  _printf_percent_end.o(.ARM.Collect$$_printf_percent$$00000017)
    __rt_lib_init                            0x000001d3   Thumb Code     0  libinit.o(.ARM.Collect$$libinit$$00000000)
    __rt_lib_init_fp_1                       0x000001d5   Thumb Code     0  libinit2.o(.ARM.Collect$$libinit$$00000002)
    __rt_lib_init_heap_1                     0x000001d5   Thumb Code     0  libinit2.o(.ARM.Collect$$libinit$$0000000C)
    __rt_lib_init_preinit_1                  0x000001d5   Thumb Code     0  libinit2.o(.ARM.Collect$$libinit$$00000006)
    __rt_lib_init_rand_2                     0x000001d5   Thumb Code     0  libinit2.o(.ARM.Collect$$libinit$$0000000F)
    __rt_lib_init_relocate_pie_1             0x000001d5   Thumb Code     0  libinit2.o(.ARM.Collect$$libinit$$00000004)
    __rt_lib_init_user_alloc_1               0x000001d5   Thumb Code     0  libinit2.o(.ARM.Collect$$libinit$$0000000E)
    __rt_lib_init_alloca_1                   0x000001d9   Thumb Code     0  libinit2.o(.ARM.Collect$$libinit$$00000030)
    __rt_lib_init_argv_1                     0x000001d9   Thumb Code     0  libinit2.o(.ARM.Collect$$libinit$$0000002E)
    __rt_lib_init_atexit_1                   0x000001d9   Thumb Code     0  libinit2.o(.ARM.Collect$$libinit$$0000001D)
    __rt_lib_init_clock_1                    0x000001d9   Thumb Code     0  libinit2.o(.ARM.Collect$$libinit$$00000023)
    __rt_lib_init_cpp_1                      0x000001d9   Thumb Code     0  libinit2.o(.ARM.Collect$$libinit$$00000034)
    __rt_lib_init_exceptions_1               0x000001d9   Thumb Code     0  libinit2.o(.ARM.Collect$$libinit$$00000032)
    __rt_lib_init_fp_trap_1                  0x000001d9   Thumb Code     0  libinit2.o(.ARM.Collect$$libinit$$00000021)
    __rt_lib_init_getenv_1                   0x000001d9   Thumb Code     0  libinit2.o(.ARM.Collect$$libinit$$00000025)
    __rt_lib_init_lc_collate_1               0x000001d9   Thumb Code     0  libinit2.o(.ARM.Collect$$libinit$$00000013)
    __rt_lib_init_lc_ctype_1                 0x000001d9   Thumb Code     0  libinit2.o(.ARM.Collect$$libinit$$00000015)
    __rt_lib_init_lc_monetary_1              0x000001d9   Thumb Code     0  libinit2.o(.ARM.Collect$$libinit$$00000017)
    __rt_lib_init_lc_numeric_1               0x000001d9   Thumb Code     0  libinit2.o(.ARM.Collect$$libinit$$00000019)
    __rt_lib_init_lc_time_1                  0x000001d9   Thumb Code     0  libinit2.o(.ARM.Collect$$libinit$$0000001B)
    __rt_lib_init_rand_1                     0x000001d9   Thumb Code     0  libinit2.o(.ARM.Collect$$libinit$$00000010)
    __rt_lib_init_return                     0x000001d9   Thumb Code     0  libinit2.o(.ARM.Collect$$libinit$$00000035)
    __rt_lib_init_signal_1                   0x000001d9   Thumb Code     0  libinit2.o(.ARM.Collect$$libinit$$0000001F)
    __rt_lib_init_stdio_1                    0x000001d9   Thumb Code     0  libinit2.o(.ARM.Collect$$libinit$$00000027)
    __rt_lib_shutdown                        0x000001db   Thumb Code     0  libshutdown.o(.ARM.Collect$$libshutdown$$00000000)
    __rt_lib_shutdown_cpp_1                  0x000001dd   Thumb Code     0  libshutdown2.o(.ARM.Collect$$libshutdown$$00000002)
    __rt_lib_shutdown_fp_trap_1              0x000001dd   Thumb Code     0  libshutdown2.o(.ARM.Collect$$libshutdown$$00000007)
    __rt_lib_shutdown_heap_1                 0x000001dd   Thumb Code     0  libshutdown2.o(.ARM.Collect$$libshutdown$$0000000F)
    __rt_lib_shutdown_return                 0x000001dd   Thumb Code     0  libshutdown2.o(.ARM.Collect$$libshutdown$$00000010)
    __rt_lib_shutdown_signal_1               0x000001dd   Thumb Code     0  libshutdown2.o(.ARM.Collect$$libshutdown$$0000000A)
    __rt_lib_shutdown_stdio_1                0x000001dd   Thumb Code     0  libshutdown2.o(.ARM.Collect$$libshutdown$$00000004)
    __rt_lib_shutdown_user_alloc_1           0x000001dd   Thumb Code     0  libshutdown2.o(.ARM.Collect$$libshutdown$$0000000C)
    __rt_entry                               0x000001df   Thumb Code     0  __rtentry.o(.ARM.Collect$$rtentry$$00000000)
    __rt_entry_presh_1                       0x000001df   Thumb Code     0  __rtentry2.o(.ARM.Collect$$rtentry$$00000002)
    __rt_entry_sh                            0x000001df   Thumb Code     0  __rtentry4.o(.ARM.Collect$$rtentry$$00000004)
    __rt_entry_li                            0x000001e5   Thumb Code     0  __rtentry2.o(.ARM.Collect$$rtentry$$0000000A)
    __rt_entry_postsh_1                      0x000001e5   Thumb Code     0  __rtentry2.o(.ARM.Collect$$rtentry$$00000009)
    __rt_entry_main                          0x000001e9   Thumb Code     0  __rtentry2.o(.ARM.Collect$$rtentry$$0000000D)
    __rt_entry_postli_1                      0x000001e9   Thumb Code     0  __rtentry2.o(.ARM.Collect$$rtentry$$0000000C)
    __rt_exit                                0x000001f1   Thumb Code     0  rtexit.o(.ARM.Collect$$rtexit$$00000000)
    __rt_exit_ls                             0x000001f3   Thumb Code     0  rtexit2.o(.ARM.Collect$$rtexit$$00000003)
    __rt_exit_prels_1                        0x000001f3   Thumb Code     0  rtexit2.o(.ARM.Collect$$rtexit$$00000002)
    __rt_exit_exit                           0x000001f7   Thumb Code     0  rtexit2.o(.ARM.Collect$$rtexit$$00000004)
    rand                                     0x000001fd   Thumb Code    48  rand.o(.emb_text)
    Reset_Handler                            0x00000231   Thumb Code     4  startup_lpc17xx.o(.text)
    NMI_Handler                              0x00000235   Thumb Code     2  startup_lpc17xx.o(.text)
    HardFault_Handler                        0x00000237   Thumb Code     2  startup_lpc17xx.o(.text)
    MemManage_Handler                        0x00000239   Thumb Code     2  startup_lpc17xx.o(.text)
    BusFault_Handler                         0x0000023b   Thumb Code     2  startup_lpc17xx.o(.text)
    UsageFault_Handler                       0x0000023d   Thumb Code     2  startup_lpc17xx.o(.text)
    SVC_Handler                              0x0000023f   Thumb Code     2  startup_lpc17xx.o(.text)
    DebugMon_Handler                         0x00000241   Thumb Code     2  startup_lpc17xx.o(.text)
    PendSV_Handler                           0x00000243   Thumb Code     2  startup_lpc17xx.o(.text)
    SysTick_Handler                          0x00000245   Thumb Code     2  startup_lpc17xx.o(.text)
    ADC_IRQHandler                           0x00000247   Thumb Code     0  startup_lpc17xx.o(.text)
    BOD_IRQHandler                           0x00000247   Thumb Code     0  startup_lpc17xx.o(.text)
    CANActivity_IRQHandler                   0x00000247   Thumb Code     0  startup_lpc17xx.o(.text)
    CAN_IRQHandler                           0x00000247   Thumb Code     0  startup_lpc17xx.o(.text)
    DMA_IRQHandler                           0x00000247   Thumb Code     0  startup_lpc17xx.o(.text)
    EINT3_IRQHandler                         0x00000247   Thumb Code     0  startup_lpc17xx.o(.text)
    ENET_IRQHandler                          0x00000247   Thumb Code     0  startup_lpc17xx.o(.text)
    I2C0_IRQHandler                          0x00000247   Thumb Code     0  startup_lpc17xx.o(.text)
    I2C1_IRQHandler                          0x00000247   Thumb Code     0  startup_lpc17xx.o(.text)
    I2C2_IRQHandler                          0x00000247   Thumb Code     0  startup_lpc17xx.o(.text)
    I2S_IRQHandler                           0x00000247   Thumb Code     0  startup_lpc17xx.o(.text)
    MCPWM_IRQHandler                         0x00000247   Thumb Code     0  startup_lpc17xx.o(.text)
    PLL0_IRQHandler                          0x00000247   Thumb Code     0  startup_lpc17xx.o(.text)
    PLL1_IRQHandler                          0x00000247   Thumb Code     0  startup_lpc17xx.o(.text)
    PWM1_IRQHandler                          0x00000247   Thumb Code     0  startup_lpc17xx.o(.text)
    QEI_IRQHandler                           0x00000247   Thumb Code     0  startup_lpc17xx.o(.text)
    RTC_IRQHandler                           0x00000247   Thumb Code     0  startup_lpc17xx.o(.text)
    SPI_IRQHandler                           0x00000247   Thumb Code     0  startup_lpc17xx.o(.text)
    SSP0_IRQHandler                          0x00000247   Thumb Code     0  startup_lpc17xx.o(.text)
    SSP1_IRQHandler                          0x00000247   Thumb Code     0  startup_lpc17xx.o(.text)
    UART0_IRQHandler                         0x00000247   Thumb Code     0  startup_lpc17xx.o(.text)
    UART1_IRQHandler                         0x00000247   Thumb Code     0  startup_lpc17xx.o(.text)
    UART2_IRQHandler                         0x00000247   Thumb Code     0  startup_lpc17xx.o(.text)
    UART3_IRQHandler                         0x00000247   Thumb Code     0  startup_lpc17xx.o(.text)
    USBActivity_IRQHandler                   0x00000247   Thumb Code     0  startup_lpc17xx.o(.text)
    USB_IRQHandler                           0x00000247   Thumb Code     0  startup_lpc17xx.o(.text)
    WDT_IRQHandler                           0x00000247   Thumb Code     0  startup_lpc17xx.o(.text)
    __user_initial_stackheap                 0x00000249   Thumb Code     0  startup_lpc17xx.o(.text)
    main                                     0x00000269   Thumb Code    92  sample.o(.text)
    __2sprintf                               0x000002c5   Thumb Code    34  noretval__2sprintf.o(.text)
    __use_two_region_memory                  0x000002ed   Thumb Code     2  heapauxi.o(.text)
    __rt_heap_escrow$2region                 0x000002ef   Thumb Code     2  heapauxi.o(.text)
    __rt_heap_expand$2region                 0x000002f1   Thumb Code     2  heapauxi.o(.text)
    _sputc                                   0x000002f3   Thumb Code    10  _sputc.o(.text)
    disegna_cella_griglia                    0x00000301   Thumb Code    72  game.o(.text)
    disegna_tetramino                        0x00000349   Thumb Code   184  game.o(.text)
    disegna_griglia_statica                  0x00000401   Thumb Code   308  game.o(.text)
    disegna_blocco_anteprima                 0x00000559   Thumb Code   134  game.o(.text)
    controlla_collisione                     0x000005e1   Thumb Code   126  game.o(.text)
    controlla_linee                          0x00000661   Thumb Code   344  game.o(.text)
    genera_blocco                            0x000007b9   Thumb Code   338  game.o(.text)
    alla_pressione_tasto1                    0x0000090d   Thumb Code   116  game.o(.text)
    inizializza_gioco                        0x00000989   Thumb Code   164  game.o(.text)
    blocca_blocco                            0x00000a2d   Thumb Code   444  game.o(.text)
    ruota_blocco                             0x00000c0d   Thumb Code   348  game.o(.text)
    aggiorna_gioco                           0x00000d69   Thumb Code  1378  game.o(.text)
    SystemInit                               0x000012cd   Thumb Code   288  system_lpc17xx.o(.text)
    EINT0_IRQHandler                         0x000013fd   Thumb Code    68  irq_button.o(.text)
    EINT1_IRQHandler                         0x00001441   Thumb Code    68  irq_button.o(.text)
    EINT2_IRQHandler                         0x00001485   Thumb Code    68  irq_button.o(.text)
    BUTTON_init                              0x000014c9   Thumb Code   124  lib_button.o(.text)
    RIT_IRQHandler                           0x00001545   Thumb Code   404  irq_rit.o(.text)
    enable_RIT                               0x000016d9   Thumb Code    16  lib_rit.o(.text)
    disable_RIT                              0x000016e9   Thumb Code    16  lib_rit.o(.text)
    reset_RIT                                0x000016f9   Thumb Code    12  lib_rit.o(.text)
    init_RIT                                 0x00001705   Thumb Code    82  lib_rit.o(.text)
    get_RIT_value                            0x00001759   Thumb Code    10  lib_rit.o(.text)
    joystick_init                            0x00001765   Thumb Code    98  lib_joystick.o(.text)
    TIMER0_IRQHandler                        0x000017c9   Thumb Code    58  irq_timer.o(.text)
    TIMER1_IRQHandler                        0x00001805   Thumb Code    82  irq_timer.o(.text)
    TIMER2_IRQHandler                        0x00001859   Thumb Code    26  irq_timer.o(.text)
    TIMER3_IRQHandler                        0x00001875   Thumb Code    20  irq_timer.o(.text)
    enable_timer                             0x00001889   Thumb Code    44  lib_timer.o(.text)
    disable_timer                            0x000018b5   Thumb Code    44  lib_timer.o(.text)
    reset_timer                              0x000018e1   Thumb Code    48  lib_timer.o(.text)
    init_timer                               0x00001911   Thumb Code   374  lib_timer.o(.text)
    toggle_timer                             0x00001a89   Thumb Code    50  lib_timer.o(.text)
    get_timer_value                          0x00001abd   Thumb Code    50  lib_timer.o(.text)
    get_timer_value_in_sec                   0x00001af1   Thumb Code    66  lib_timer.o(.text)
    is_timer_enabled                         0x00001b35   Thumb Code    48  lib_timer.o(.text)
    power_on_timer2                          0x00001b65   Thumb Code    18  lib_timer.o(.text)
    power_on_timer3                          0x00001b79   Thumb Code    18  lib_timer.o(.text)
    GetASCIICode                             0x00001b8d   Thumb Code    58  asciilib.o(.text)
    LCD_Initialization                       0x00001bc9   Thumb Code 12042  glcd.o(.text)
    LCD_Clear                                0x00004b49   Thumb Code  2028  glcd.o(.text)
    LCD_GetPoint                             0x00005ac1   Thumb Code  1324  glcd.o(.text)
    LCD_SetPoint                             0x00006035   Thumb Code   320  glcd.o(.text)
    LCD_DrawLine                             0x00006175   Thumb Code   546  glcd.o(.text)
    PutChar                                  0x00006399   Thumb Code   210  glcd.o(.text)
    GUI_Text                                 0x0000646d   Thumb Code   152  glcd.o(.text)
    playNote                                 0x0000651d   Thumb Code   106  music.o(.text)
    isNotePlaying                            0x00006589   Thumb Code    36  music.o(.text)
    __printf                                 0x000065ad   Thumb Code   104  __printf.o(.text)
    _printf_int_dec                          0x00006615   Thumb Code   104  _printf_dec.o(.text)
    srand                                    0x0000668d   Thumb Code    42  rand.o(.text)
    _rand_init                               0x000066b7   Thumb Code     4  rand.o(.text)
    __aeabi_memclr4                          0x000066c9   Thumb Code     0  rt_memclr_w.o(.text)
    __aeabi_memclr8                          0x000066c9   Thumb Code     0  rt_memclr_w.o(.text)
    __rt_memclr_w                            0x000066c9   Thumb Code     0  rt_memclr_w.o(.text)
    _memset_w                                0x000066cd   Thumb Code    74  rt_memclr_w.o(.text)
    _printf_int_common                       0x00006717   Thumb Code   178  _printf_intcommon.o(.text)
    _printf_char_common                      0x000067d3   Thumb Code    32  _printf_char_common.o(.text)
    __user_setup_stackheap                   0x000067f9   Thumb Code    74  sys_stackheap_outer.o(.text)
    exit                                     0x00006843   Thumb Code    18  exit.o(.text)
    __user_libspace                          0x00006855   Thumb Code     8  libspace.o(.text)
    __user_perproc_libspace                  0x00006855   Thumb Code     0  libspace.o(.text)
    __user_perthread_libspace                0x00006855   Thumb Code     0  libspace.o(.text)
    __I$use$semihosting                      0x0000685d   Thumb Code     0  use_no_semi.o(.text)
    __use_no_semihosting_swi                 0x0000685d   Thumb Code     2  use_no_semi.o(.text)
    __semihosting_library_function           0x0000685f   Thumb Code     0  indicate_semi.o(.text)
    _sys_exit                                0x00006861   Thumb Code     8  sys_exit.o(.text)
    __aeabi_fdiv                             0x0000686d   Thumb Code     0  fdiv.o(x$fpl$fdiv)
    _fdiv                                    0x0000686d   Thumb Code   384  fdiv.o(x$fpl$fdiv)
    __aeabi_ui2f                             0x000069f1   Thumb Code     0  fflt_clz.o(x$fpl$ffltu)
    _ffltu                                   0x000069f1   Thumb Code    38  fflt_clz.o(x$fpl$ffltu)
    __fpl_fnaninf                            0x00006a17   Thumb Code   140  fnaninf.o(x$fpl$fnaninf)
    __fpl_fretinf                            0x00006aa3   Thumb Code    10  fretinf.o(x$fpl$fretinf)
    __I$use$fp                               0x00006aac   Number         0  usenofp.o(x$fpl$usenofp)
    COLORI_TETRAMINI                         0x0000709c   Data          14  game.o(.rodata.COLORI_TETRAMINI)
    FORME_TETRAMINI                          0x000070ac   Data         224  game.o(.rodata.FORME_TETRAMINI)
    Region$$Table$$Base                      0x00007198   Number         0  anon$$obj.o(Region$$Table)
    Region$$Table$$Limit                     0x000071d8   Number         0  anon$$obj.o(Region$$Table)
    stato_gioco                              0x10000000   Data           1  game.o(.data.stato_gioco)
    __libspace_start                         0x10000008   Data          96  libspace.o(.bss)
    J_click                                  0x10000068   Data           4  irq_rit.o(.bss.J_click)
    __temporary_stack_top$libspace           0x10000068   Data           0  libspace.o(.bss)
    J_right                                  0x1000006c   Data           4  irq_rit.o(.bss.J_right)
    J_up                                     0x10000070   Data           4  irq_rit.o(.bss.J_up)
    griglia                                  0x10000078   Data         400  game.o(.bss.griglia)
    tetraminoCorrente                        0x10000208   Data          48  game.o(.bss.tetraminoCorrente)
    tetraminoSuccessivo                      0x10000238   Data          48  game.o(.bss.tetraminoSuccessivo)
    toRelease_down_1                         0x10000268   Data           4  irq_rit.o(.bss.toRelease_down_1)
    SystemFrequency                          0x2007c000   Data           4  system_lpc17xx.o(.data.SystemFrequency)
    tetris_theme                             0x2007c004   Data         320  game.o(.data.tetris_theme)
    _random_number_data                      0x2007c148   Data         228  rand.o(.bss)
    J_down                                   0x2007c22c   Data           4  irq_rit.o(.bss.J_down)
    J_left                                   0x2007c230   Data           4  irq_rit.o(.bss.J_left)
    down_0                                   0x2007c23c   Data           4  irq_rit.o(.bss.down_0)
    down_1                                   0x2007c240   Data           4  irq_rit.o(.bss.down_1)
    down_2                                   0x2007c244   Data           4  irq_rit.o(.bss.down_2)
    linee_completate_totali                  0x2007c248   Data           4  game.o(.bss.linee_completate_totali)
    mod_caduta_rapida                        0x2007c24c   Data           4  game.o(.bss.mod_caduta_rapida)
    punteggio                                0x2007c250   Data           4  game.o(.bss.punteggio)
    record_punteggio                         0x2007c254   Data           4  game.o(.bss.record_punteggio)
    richiesta_riavvio                        0x2007c258   Data           4  game.o(.bss.richiesta_riavvio)
    toRelease_down_0                         0x2007c260   Data           4  irq_rit.o(.bss.toRelease_down_0)
    toRelease_down_2                         0x2007c264   Data           4  irq_rit.o(.bss.toRelease_down_2)



==============================================================================

Memory Map of the image

  Image Entry point : 0x000000cd

  Load Region LR_IROM1 (Base: 0x00000000, Size: 0x00007328, Max: 0x00080000, ABSOLUTE, COMPRESSED[0x00007230])

    Execution Region ER_IROM1 (Exec base: 0x00000000, Load base: 0x00000000, Size: 0x000071d8, Max: 0x00080000, ABSOLUTE)

    Exec Addr    Load Addr    Size         Type   Attr      Idx    E Section Name        Object

    0x00000000   0x00000000   0x000000cc   Data   RO            3    RESET               startup_lpc17xx.o
    0x000000cc   0x000000cc   0x00000008   Code   RO          242  * !!!main             c_w.l(__main.o)
    0x000000d4   0x000000d4   0x0000005c   Code   RO          471    !!!scatter          c_w.l(__scatter.o)
    0x00000130   0x00000130   0x0000005a   Code   RO          469    !!dczerorl2         c_w.l(__dczerorl2.o)
    0x0000018a   0x0000018a   0x00000002   PAD
    0x0000018c   0x0000018c   0x0000001a   Code   RO          475    !!handler_copy      c_w.l(__scatter_copy.o)
    0x000001a6   0x000001a6   0x00000002   PAD
    0x000001a8   0x000001a8   0x00000002   Code   RO          472    !!handler_null      c_w.l(__scatter.o)
    0x000001aa   0x000001aa   0x00000002   PAD
    0x000001ac   0x000001ac   0x0000001c   Code   RO          477    !!handler_zi        c_w.l(__scatter_zi.o)
    0x000001c8   0x000001c8   0x00000000   Code   RO          230    .ARM.Collect$$_printf_percent$$00000000  c_w.l(_printf_percent.o)
    0x000001c8   0x000001c8   0x00000006   Code   RO          229    .ARM.Collect$$_printf_percent$$00000009  c_w.l(_printf_d.o)
    0x000001ce   0x000001ce   0x00000004   Code   RO          285    .ARM.Collect$$_printf_percent$$00000017  c_w.l(_printf_percent_end.o)
    0x000001d2   0x000001d2   0x00000002   Code   RO          386    .ARM.Collect$$libinit$$00000000  c_w.l(libinit.o)
    0x000001d4   0x000001d4   0x00000000   Code   RO          289    .ARM.Collect$$libinit$$00000002  c_w.l(libinit2.o)
    0x000001d4   0x000001d4   0x00000000   Code   RO          291    .ARM.Collect$$libinit$$00000004  c_w.l(libinit2.o)
    0x000001d4   0x000001d4   0x00000000   Code   RO          293    .ARM.Collect$$libinit$$00000006  c_w.l(libinit2.o)
    0x000001d4   0x000001d4   0x00000000   Code   RO          296    .ARM.Collect$$libinit$$0000000C  c_w.l(libinit2.o)
    0x000001d4   0x000001d4   0x00000000   Code   RO          298    .ARM.Collect$$libinit$$0000000E  c_w.l(libinit2.o)
    0x000001d4   0x000001d4   0x00000004   Code   RO          299    .ARM.Collect$$libinit$$0000000F  c_w.l(libinit2.o)
    0x000001d8   0x000001d8   0x00000000   Code   RO          300    .ARM.Collect$$libinit$$00000010  c_w.l(libinit2.o)
    0x000001d8   0x000001d8   0x00000000   Code   RO          303    .ARM.Collect$$libinit$$00000013  c_w.l(libinit2.o)
    0x000001d8   0x000001d8   0x00000000   Code   RO          305    .ARM.Collect$$libinit$$00000015  c_w.l(libinit2.o)
    0x000001d8   0x000001d8   0x00000000   Code   RO          307    .ARM.Collect$$libinit$$00000017  c_w.l(libinit2.o)
    0x000001d8   0x000001d8   0x00000000   Code   RO          309    .ARM.Collect$$libinit$$00000019  c_w.l(libinit2.o)
    0x000001d8   0x000001d8   0x00000000   Code   RO          311    .ARM.Collect$$libinit$$0000001B  c_w.l(libinit2.o)
    0x000001d8   0x000001d8   0x00000000   Code   RO          313    .ARM.Collect$$libinit$$0000001D  c_w.l(libinit2.o)
    0x000001d8   0x000001d8   0x00000000   Code   RO          315    .ARM.Collect$$libinit$$0000001F  c_w.l(libinit2.o)
    0x000001d8   0x000001d8   0x00000000   Code   RO          317    .ARM.Collect$$libinit$$00000021  c_w.l(libinit2.o)
    0x000001d8   0x000001d8   0x00000000   Code   RO          319    .ARM.Collect$$libinit$$00000023  c_w.l(libinit2.o)
    0x000001d8   0x000001d8   0x00000000   Code   RO          321    .ARM.Collect$$libinit$$00000025  c_w.l(libinit2.o)
    0x000001d8   0x000001d8   0x00000000   Code   RO          323    .ARM.Collect$$libinit$$00000027  c_w.l(libinit2.o)
    0x000001d8   0x000001d8   0x00000000   Code   RO          327    .ARM.Collect$$libinit$$0000002E  c_w.l(libinit2.o)
    0x000001d8   0x000001d8   0x00000000   Code   RO          329    .ARM.Collect$$libinit$$00000030  c_w.l(libinit2.o)
    0x000001d8   0x000001d8   0x00000000   Code   RO          331    .ARM.Collect$$libinit$$00000032  c_w.l(libinit2.o)
    0x000001d8   0x000001d8   0x00000000   Code   RO          333    .ARM.Collect$$libinit$$00000034  c_w.l(libinit2.o)
    0x000001d8   0x000001d8   0x00000002   Code   RO          334    .ARM.Collect$$libinit$$00000035  c_w.l(libinit2.o)
    0x000001da   0x000001da   0x00000002   Code   RO          428    .ARM.Collect$$libshutdown$$00000000  c_w.l(libshutdown.o)
    0x000001dc   0x000001dc   0x00000000   Code   RO          436    .ARM.Collect$$libshutdown$$00000002  c_w.l(libshutdown2.o)
    0x000001dc   0x000001dc   0x00000000   Code   RO          438    .ARM.Collect$$libshutdown$$00000004  c_w.l(libshutdown2.o)
    0x000001dc   0x000001dc   0x00000000   Code   RO          441    .ARM.Collect$$libshutdown$$00000007  c_w.l(libshutdown2.o)
    0x000001dc   0x000001dc   0x00000000   Code   RO          444    .ARM.Collect$$libshutdown$$0000000A  c_w.l(libshutdown2.o)
    0x000001dc   0x000001dc   0x00000000   Code   RO          446    .ARM.Collect$$libshutdown$$0000000C  c_w.l(libshutdown2.o)
    0x000001dc   0x000001dc   0x00000000   Code   RO          449    .ARM.Collect$$libshutdown$$0000000F  c_w.l(libshutdown2.o)
    0x000001dc   0x000001dc   0x00000002   Code   RO          450    .ARM.Collect$$libshutdown$$00000010  c_w.l(libshutdown2.o)
    0x000001de   0x000001de   0x00000000   Code   RO          278    .ARM.Collect$$rtentry$$00000000  c_w.l(__rtentry.o)
    0x000001de   0x000001de   0x00000000   Code   RO          351    .ARM.Collect$$rtentry$$00000002  c_w.l(__rtentry2.o)
    0x000001de   0x000001de   0x00000006   Code   RO          363    .ARM.Collect$$rtentry$$00000004  c_w.l(__rtentry4.o)
    0x000001e4   0x000001e4   0x00000000   Code   RO          353    .ARM.Collect$$rtentry$$00000009  c_w.l(__rtentry2.o)
    0x000001e4   0x000001e4   0x00000004   Code   RO          354    .ARM.Collect$$rtentry$$0000000A  c_w.l(__rtentry2.o)
    0x000001e8   0x000001e8   0x00000000   Code   RO          356    .ARM.Collect$$rtentry$$0000000C  c_w.l(__rtentry2.o)
    0x000001e8   0x000001e8   0x00000008   Code   RO          357    .ARM.Collect$$rtentry$$0000000D  c_w.l(__rtentry2.o)
    0x000001f0   0x000001f0   0x00000002   Code   RO          394    .ARM.Collect$$rtexit$$00000000  c_w.l(rtexit.o)
    0x000001f2   0x000001f2   0x00000000   Code   RO          406    .ARM.Collect$$rtexit$$00000002  c_w.l(rtexit2.o)
    0x000001f2   0x000001f2   0x00000004   Code   RO          407    .ARM.Collect$$rtexit$$00000003  c_w.l(rtexit2.o)
    0x000001f6   0x000001f6   0x00000006   Code   RO          408    .ARM.Collect$$rtexit$$00000004  c_w.l(rtexit2.o)
    0x000001fc   0x000001fc   0x00000034   Code   RO          231    .emb_text           c_w.l(rand.o)
    0x00000230   0x00000230   0x00000038   Code   RO            5    .text               startup_lpc17xx.o
    0x00000268   0x00000268   0x0000005c   Code   RO           13    .text               sample.o
    0x000002c4   0x000002c4   0x00000028   Code   RO          203    .text               c_w.l(noretval__2sprintf.o)
    0x000002ec   0x000002ec   0x00000006   Code   RO          240    .text               c_w.l(heapauxi.o)
    0x000002f2   0x000002f2   0x0000000a   Code   RO          283    .text               c_w.l(_sputc.o)
    0x000002fc   0x000002fc   0x00000004   Code   RO            4    .ARM.__at_0x02FC    startup_lpc17xx.o
    0x00000300   0x00000300   0x00000fca   Code   RO           30    .text               game.o
    0x000012ca   0x000012ca   0x00000002   PAD
    0x000012cc   0x000012cc   0x00000130   Code   RO           53    .text               system_lpc17xx.o
    0x000013fc   0x000013fc   0x000000cc   Code   RO           79    .text               irq_button.o
    0x000014c8   0x000014c8   0x0000007c   Code   RO           86    .text               lib_button.o
    0x00001544   0x00001544   0x00000194   Code   RO           93    .text               irq_rit.o
    0x000016d8   0x000016d8   0x0000008a   Code   RO          117    .text               lib_rit.o
    0x00001762   0x00001762   0x00000002   PAD
    0x00001764   0x00001764   0x00000062   Code   RO          125    .text               lib_joystick.o
    0x000017c6   0x000017c6   0x00000002   PAD
    0x000017c8   0x000017c8   0x000000c0   Code   RO          136    .text               irq_timer.o
    0x00001888   0x00001888   0x00000302   Code   RO          145    .text               lib_timer.o
    0x00001b8a   0x00001b8a   0x00000002   PAD
    0x00001b8c   0x00001b8c   0x0000003a   Code   RO          153    .text               asciilib.o
    0x00001bc6   0x00001bc6   0x00000002   PAD
    0x00001bc8   0x00001bc8   0x00004952   Code   RO          161    .text               glcd.o
    0x0000651a   0x0000651a   0x00000002   PAD
    0x0000651c   0x0000651c   0x00000090   Code   RO          191    .text               music.o
    0x000065ac   0x000065ac   0x00000068   Code   RO          205    .text               c_w.l(__printf.o)
    0x00006614   0x00006614   0x00000078   Code   RO          207    .text               c_w.l(_printf_dec.o)
    0x0000668c   0x0000668c   0x0000003c   Code   RO          232    .text               c_w.l(rand.o)
    0x000066c8   0x000066c8   0x0000004e   Code   RO          238    .text               c_w.l(rt_memclr_w.o)
    0x00006716   0x00006716   0x000000b2   Code   RO          279    .text               c_w.l(_printf_intcommon.o)
    0x000067c8   0x000067c8   0x00000030   Code   RO          281    .text               c_w.l(_printf_char_common.o)
    0x000067f8   0x000067f8   0x0000004a   Code   RO          373    .text               c_w.l(sys_stackheap_outer.o)
    0x00006842   0x00006842   0x00000012   Code   RO          375    .text               c_w.l(exit.o)
    0x00006854   0x00006854   0x00000008   Code   RO          391    .text               c_w.l(libspace.o)
    0x0000685c   0x0000685c   0x00000002   Code   RO          402    .text               c_w.l(use_no_semi.o)
    0x0000685e   0x0000685e   0x00000000   Code   RO          404    .text               c_w.l(indicate_semi.o)
    0x0000685e   0x0000685e   0x00000002   PAD
    0x00006860   0x00006860   0x0000000c   Code   RO          418    .text               c_w.l(sys_exit.o)
    0x0000686c   0x0000686c   0x00000184   Code   RO          269    x$fpl$fdiv          fz_ws.l(fdiv.o)
    0x000069f0   0x000069f0   0x00000026   Code   RO          272    x$fpl$ffltu         fz_ws.l(fflt_clz.o)
    0x00006a16   0x00006a16   0x0000008c   Code   RO          345    x$fpl$fnaninf       fz_ws.l(fnaninf.o)
    0x00006aa2   0x00006aa2   0x0000000a   Code   RO          347    x$fpl$fretinf       fz_ws.l(fretinf.o)
    0x00006aac   0x00006aac   0x00000000   Code   RO          349    x$fpl$usenofp       fz_ws.l(usenofp.o)
    0x00006aac   0x00006aac   0x000005f0   Data   RO          155    .rodata.AsciiLib    asciilib.o
    0x0000709c   0x0000709c   0x0000000e   Data   RO           40    .rodata.COLORI_TETRAMINI  game.o
    0x000070aa   0x000070aa   0x00000002   PAD
    0x000070ac   0x000070ac   0x000000e0   Data   RO           39    .rodata.FORME_TETRAMINI  game.o
    0x0000718c   0x0000718c   0x0000000a   Data   RO           41    .rodata.str1.1      game.o
    0x00007196   0x00007196   0x00000002   PAD
    0x00007198   0x00007198   0x00000040   Data   RO          468    Region$$Table       anon$$obj.o


    Execution Region RW_IRAM1 (Exec base: 0x10000000, Load base: 0x000071d8, Size: 0x00001270, Max: 0x00008000, ABSOLUTE)

    Exec Addr    Load Addr    Size         Type   Attr      Idx    E Section Name        Object

    0x10000000   0x000071d8   0x00000001   Data   RW           32    .data.stato_gioco   game.o
    0x10000001   0x000071d9   0x00000007   PAD
    0x10000008        -       0x00000060   Zero   RW          392    .bss                c_w.l(libspace.o)
    0x10000068        -       0x00000004   Zero   RW          105    .bss.J_click        irq_rit.o
    0x1000006c        -       0x00000004   Zero   RW          103    .bss.J_right        irq_rit.o
    0x10000070        -       0x00000004   Zero   RW          101    .bss.J_up           irq_rit.o
    0x10000074        -       0x00000001   Zero   RW          163    .bss.LCD_Code       glcd.o
    0x10000075   0x000071d9   0x00000003   PAD
    0x10000078        -       0x00000190   Zero   RW           42    .bss.griglia        game.o
    0x10000208        -       0x00000030   Zero   RW           43    .bss.tetraminoCorrente  game.o
    0x10000238        -       0x00000030   Zero   RW           44    .bss.tetraminoSuccessivo  game.o
    0x10000268        -       0x00000004   Zero   RW           99    .bss.toRelease_down_1  irq_rit.o
    0x1000026c   0x000071d9   0x00000004   PAD
    0x10000270        -       0x00001000   Zero   RW            1    STACK               startup_lpc17xx.o


    Execution Region RW_IRAM2 (Exec base: 0x2007c000, Load base: 0x000071e0, Size: 0x00001268, Max: 0x00008000, ABSOLUTE, COMPRESSED[0x00000050])

    Exec Addr    Load Addr    Size         Type   Attr      Idx    E Section Name        Object

    0x2007c000   COMPRESSED   0x00000004   Data   RW           55    .data.SystemFrequency  system_lpc17xx.o
    0x2007c004   COMPRESSED   0x00000140   Data   RW           38    .data.tetris_theme  game.o
    0x2007c144   COMPRESSED   0x00000004   PAD
    0x2007c148        -       0x000000e4   Zero   RW          233    .bss                c_w.l(rand.o)
    0x2007c22c        -       0x00000004   Zero   RW          102    .bss.J_down         irq_rit.o
    0x2007c230        -       0x00000004   Zero   RW          104    .bss.J_left         irq_rit.o
    0x2007c234        -       0x00000001   Zero   RW          138    .bss.TIMER0_IRQHandler.tick  irq_timer.o
    0x2007c235   COMPRESSED   0x00000003   PAD
    0x2007c238        -       0x00000004   Zero   RW          139    .bss.current_note   irq_timer.o
    0x2007c23c        -       0x00000004   Zero   RW           95    .bss.down_0         irq_rit.o
    0x2007c240        -       0x00000004   Zero   RW           96    .bss.down_1         irq_rit.o
    0x2007c244        -       0x00000004   Zero   RW           97    .bss.down_2         irq_rit.o
    0x2007c248        -       0x00000004   Zero   RW           34    .bss.linee_completate_totali  game.o
    0x2007c24c        -       0x00000004   Zero   RW           36    .bss.mod_caduta_rapida  game.o
    0x2007c250        -       0x00000004   Zero   RW           33    .bss.punteggio      game.o
    0x2007c254        -       0x00000004   Zero   RW           35    .bss.record_punteggio  game.o
    0x2007c258        -       0x00000004   Zero   RW           37    .bss.richiesta_riavvio  game.o
    0x2007c25c        -       0x00000004   Zero   RW           45    .bss.ticks          game.o
    0x2007c260        -       0x00000004   Zero   RW           98    .bss.toRelease_down_0  irq_rit.o
    0x2007c264        -       0x00000004   Zero   RW          100    .bss.toRelease_down_2  irq_rit.o
    0x2007c268        -       0x00001000   Zero   RW            2    HEAP                startup_lpc17xx.o


==============================================================================

Image component sizes


      Code (inc. data)   RO Data    RW Data    ZI Data      Debug   Object Name

        58          0       1520          0          0        754   asciilib.o
      4042         80        248        321        520      15532   game.o
     18770          0          0          0          1      25171   glcd.o
       204          0          0          0          0       4125   irq_button.o
       404          0          0          0         44       5342   irq_rit.o
       192          0          0          0          5       2354   irq_timer.o
       124          0          0          0          0       5688   lib_button.o
        98          0          0          0          0       2658   lib_joystick.o
       138          0          0          0          0       4342   lib_rit.o
       770         48          0          0          0       7008   lib_timer.o
       144          0          0          0          0       2954   music.o
        92          0          0          0          0       2390   sample.o
        60         26        204          0       8192       1284   startup_lpc17xx.o
       304         20          0          4          0       2030   system_lpc17xx.o

    ----------------------------------------------------------------------
     25412        174       2040        328       8780      81632   Object Totals
         0          0         64          0          0          0   (incl. Generated)
        12          0          4          3         18          0   (incl. Padding)

    ----------------------------------------------------------------------

      Code (inc. data)   RO Data    RW Data    ZI Data      Debug   Library Member Name

        90          0          0          0          0          0   __dczerorl2.o
         8          0          0          0          0         68   __main.o
       104          0          0          0          0         84   __printf.o
         0          0          0          0          0          0   __rtentry.o
        12          0          0          0          0          0   __rtentry2.o
         6          0          0          0          0          0   __rtentry4.o
        94          8          0          0          0          0   __scatter.o
        26          0          0          0          0          0   __scatter_copy.o
        28          0          0          0          0          0   __scatter_zi.o
        48          6          0          0          0         96   _printf_char_common.o
         6          0          0          0          0          0   _printf_d.o
       120         16          0          0          0         92   _printf_dec.o
       178          0          0          0          0         88   _printf_intcommon.o
         0          0          0          0          0          0   _printf_percent.o
         4          0          0          0          0          0   _printf_percent_end.o
        10          0          0          0          0         68   _sputc.o
        18          0          0          0          0         80   exit.o
         6          0          0          0          0        152   heapauxi.o
         0          0          0          0          0          0   indicate_semi.o
         2          0          0          0          0          0   libinit.o
         6          0          0          0          0          0   libinit2.o
         2          0          0          0          0          0   libshutdown.o
         2          0          0          0          0          0   libshutdown2.o
         8          4          0          0         96         68   libspace.o
        40          6          0          0          0         84   noretval__2sprintf.o
       112         18          0          0        228        160   rand.o
        78          0          0          0          0         80   rt_memclr_w.o
         2          0          0          0          0          0   rtexit.o
        10          0          0          0          0          0   rtexit2.o
        12          4          0          0          0         68   sys_exit.o
        74          0          0          0          0         80   sys_stackheap_outer.o
         2          0          0          0          0         68   use_no_semi.o
       388         76          0          0          0         96   fdiv.o
        38          0          0          0          0         68   fflt_clz.o
       140          4          0          0          0         84   fnaninf.o
        10          0          0          0          0         68   fretinf.o
         0          0          0          0          0          0   usenofp.o

    ----------------------------------------------------------------------
      1692        142          0          0        324       1652   Library Totals
         8          0          0          0          0          0   (incl. Padding)

    ----------------------------------------------------------------------

      Code (inc. data)   RO Data    RW Data    ZI Data      Debug   Library Name

      1108         62          0          0        324       1336   c_w.l
       576         80          0          0          0        316   fz_ws.l

    ----------------------------------------------------------------------
      1692        142          0          0        324       1652   Library Totals

    ----------------------------------------------------------------------

==============================================================================


      Code (inc. data)   RO Data    RW Data    ZI Data      Debug   

     27104        316       2040        328       9104      82396   Grand Totals
     27104        316       2040         84       9104      82396   ELF Image Totals (compressed)
     27104        316       2040         84          0          0   ROM Totals

==============================================================================

    Total RO  Size (Code + RO Data)                29144 (  28.46kB)
    Total RW  Size (RW Data + ZI Data)              9432 (   9.21kB)
    Total ROM Size (Code + RO Data + RW Data)      29228 (  28.54kB)

==============================================================================

